2026-08-16T11:27:30.8132137Z Current runner version: '2.336.0'
2026-08-16T11:27:30.8155625Z ##[group]Runner Image Provisioner
2026-08-16T11:27:30.8156567Z Hosted Compute Agent
2026-08-16T11:27:30.8157145Z Version: 20260729.566
2026-08-16T11:27:30.8157832Z Commit: cf7153fe6e25b664e8693c24944bf2b00355d109
2026-08-16T11:27:30.8158571Z Build Date: 2026-07-29T19:17:02Z
2026-08-16T11:27:30.8159228Z Worker ID: {6aa02176-1504-4244-b468-e713f1f3a671}
2026-08-16T11:27:30.8159970Z Azure Region: westus
2026-08-16T11:27:30.8160533Z ##[endgroup]
2026-08-16T11:27:30.8162265Z ##[group]Operating System
2026-08-16T11:27:30.8163016Z Ubuntu
2026-08-16T11:27:30.8163540Z 24.04.4
2026-08-16T11:27:30.8164073Z LTS
2026-08-16T11:27:30.8164593Z ##[endgroup]
2026-08-16T11:27:30.8165168Z ##[group]Runner Image
2026-08-16T11:27:30.8165801Z Image: ubuntu-24.04
2026-08-16T11:27:30.8166357Z Version: 20260810.271.1
2026-08-16T11:27:30.8167948Z Included Software: https://github.com/actions/runner-images/blob/ubuntu24/20260810.271/images/ubuntu/Ubuntu2404-Readme.md
2026-08-16T11:27:30.8169523Z Image Release: https://github.com/actions/runner-images/releases/tag/ubuntu24%2F20260810.271
2026-08-16T11:27:30.8170506Z ##[endgroup]
2026-08-16T11:27:30.8171935Z ##[group]GITHUB_TOKEN Permissions
2026-08-16T11:27:30.8174104Z Contents: read
2026-08-16T11:27:30.8174744Z Metadata: read
2026-08-16T11:27:30.8175280Z Packages: read
2026-08-16T11:27:30.8175910Z ##[endgroup]
2026-08-16T11:27:30.8177932Z Secret source: Actions
2026-08-16T11:27:30.8179019Z Prepare workflow directory
2026-08-16T11:27:30.8568905Z Prepare all required actions
2026-08-16T11:27:30.8618152Z Getting action download info
2026-08-16T11:27:31.1999727Z Download action repository 'actions/checkout@v4' (SHA:11d5960a326750d5838078e36cf38b85af677262)
2026-08-16T11:27:31.3269909Z Download action repository 'actions/setup-java@v4' (SHA:cf277c60eb25467037889841efdb72551f06f6c3)
2026-08-16T11:27:33.3704893Z Download action repository 'gradle/actions@v4' (SHA:ed408507eac070d1f99cc633dbcf757c94c7933a)
2026-08-16T11:27:34.4200424Z Download action repository 'actions/upload-artifact@v4' (SHA:ea165f8d65b6e75b540449e92b4886f43607fa02)
2026-08-16T11:27:34.6383481Z Complete job name: Build Debug APKs
2026-08-16T11:27:34.7125955Z Node 20 is being deprecated. This workflow is running with Node 24 by default. If you need to temporarily use Node 20, you can set the ACTIONS_ALLOW_USE_UNSECURE_NODE_VERSION=true environment variable. For more information see: https://github.blog/changelog/2025-09-19-deprecation-of-node-20-on-github-actions-runners/
2026-08-16T11:27:34.7133840Z ##[group]Run actions/checkout@v4
2026-08-16T11:27:34.7134371Z with:
2026-08-16T11:27:34.7134661Z   repository: Suydev/android-input-bridge
2026-08-16T11:27:34.7137580Z   token: ***
2026-08-16T11:27:34.7137845Z   ssh-strict: true
2026-08-16T11:27:34.7138100Z   ssh-user: git
2026-08-16T11:27:34.7138369Z   persist-credentials: true
2026-08-16T11:27:34.7138653Z   clean: true
2026-08-16T11:27:34.7138916Z   sparse-checkout-cone-mode: true
2026-08-16T11:27:34.7139226Z   fetch-depth: 1
2026-08-16T11:27:34.7139500Z   fetch-tags: false
2026-08-16T11:27:34.7139772Z   show-progress: true
2026-08-16T11:27:34.7140031Z   lfs: false
2026-08-16T11:27:34.7140306Z   submodules: false
2026-08-16T11:27:34.7140572Z   set-safe-directory: true
2026-08-16T11:27:34.7140865Z   allow-unsafe-pr-checkout: false
2026-08-16T11:27:34.7141792Z env:
2026-08-16T11:27:34.7142207Z   GRADLE_OPTS: -Dorg.gradle.daemon=false -Dorg.gradle.caching=true
2026-08-16T11:27:34.7142639Z ##[endgroup]
2026-08-16T11:27:34.8178524Z Syncing repository: Suydev/android-input-bridge
2026-08-16T11:27:34.8180637Z ##[group]Getting Git version info
2026-08-16T11:27:34.8181820Z Working directory is '/home/runner/work/android-input-bridge/android-input-bridge'
2026-08-16T11:27:34.8183038Z [command]/usr/bin/git version
2026-08-16T11:27:34.8216341Z git version 2.54.0
2026-08-16T11:27:34.8271542Z ##[endgroup]
2026-08-16T11:27:34.8288296Z Temporarily overriding HOME='/home/runner/work/_temp/6272e129-67db-44eb-acd6-d3bb6f52e772' before making global git config changes
2026-08-16T11:27:34.8290351Z Adding repository directory to the temporary git global config as a safe directory
2026-08-16T11:27:34.8295129Z [command]/usr/bin/git config --global --add safe.directory /home/runner/work/android-input-bridge/android-input-bridge
2026-08-16T11:27:34.8348798Z Deleting the contents of '/home/runner/work/android-input-bridge/android-input-bridge'
2026-08-16T11:27:34.8442151Z ##[group]Initializing the repository
2026-08-16T11:27:34.8446154Z [command]/usr/bin/git init /home/runner/work/android-input-bridge/android-input-bridge
2026-08-16T11:27:34.8473613Z hint: Using 'master' as the name for the initial branch. This default branch name
2026-08-16T11:27:34.8474933Z hint: will change to "main" in Git 3.0. To configure the initial branch name
2026-08-16T11:27:34.8475995Z hint: to use in all of your new repositories, which will suppress this warning,
2026-08-16T11:27:34.8477105Z hint: call:
2026-08-16T11:27:34.8477406Z hint:
2026-08-16T11:27:34.8477970Z hint: 	git config --global init.defaultBranch <name>
2026-08-16T11:27:34.8478659Z hint:
2026-08-16T11:27:34.8479272Z hint: Names commonly chosen instead of 'master' are 'main', 'trunk' and
2026-08-16T11:27:34.8480243Z hint: 'development'. The just-created branch can be renamed via this command:
2026-08-16T11:27:34.8481012Z hint:
2026-08-16T11:27:34.8481662Z hint: 	git branch -m <name>
2026-08-16T11:27:34.8482163Z hint:
2026-08-16T11:27:34.8482821Z hint: Disable this message with "git config set advice.defaultBranchName false"
2026-08-16T11:27:34.8489939Z Initialized empty Git repository in /home/runner/work/android-input-bridge/android-input-bridge/.git/
2026-08-16T11:27:34.8510635Z [command]/usr/bin/git remote add origin https://github.com/Suydev/android-input-bridge
2026-08-16T11:27:34.8550985Z ##[endgroup]
2026-08-16T11:27:34.8552152Z ##[group]Disabling automatic garbage collection
2026-08-16T11:27:34.8556673Z [command]/usr/bin/git config --local gc.auto 0
2026-08-16T11:27:34.8592398Z ##[endgroup]
2026-08-16T11:27:34.8593571Z ##[group]Setting up auth
2026-08-16T11:27:34.8598550Z [command]/usr/bin/git config --local --name-only --get-regexp core\.sshCommand
2026-08-16T11:27:34.8640310Z [command]/usr/bin/git submodule foreach --recursive sh -c "git config --local --name-only --get-regexp 'core\.sshCommand' && git config --local --unset-all 'core.sshCommand' || :"
2026-08-16T11:27:34.9058966Z [command]/usr/bin/git config --local --name-only --get-regexp http\.https\:\/\/github\.com\/\.extraheader
2026-08-16T11:27:34.9093561Z [command]/usr/bin/git submodule foreach --recursive sh -c "git config --local --name-only --get-regexp 'http\.https\:\/\/github\.com\/\.extraheader' && git config --local --unset-all 'http.https://github.com/.extraheader' || :"
2026-08-16T11:27:34.9389211Z [command]/usr/bin/git config --local --name-only --get-regexp ^includeIf\.gitdir:
2026-08-16T11:27:34.9428591Z [command]/usr/bin/git submodule foreach --recursive git config --local --show-origin --name-only --get-regexp remote.origin.url
2026-08-16T11:27:34.9672925Z [command]/usr/bin/git config --local http.https://github.com/.extraheader AUTHORIZATION: basic ***
2026-08-16T11:27:34.9714128Z ##[endgroup]
2026-08-16T11:27:34.9714987Z ##[group]Fetching the repository
2026-08-16T11:27:34.9724540Z [command]/usr/bin/git -c protocol.version=2 fetch --no-tags --prune --no-recurse-submodules --depth=1 origin +cb15d07510ef5da9905f11096287b233baf81f69:refs/remotes/origin/main
2026-08-16T11:27:36.6974397Z From https://github.com/Suydev/android-input-bridge
2026-08-16T11:27:36.6975347Z  * [new ref]         cb15d07510ef5da9905f11096287b233baf81f69 -> origin/main
2026-08-16T11:27:36.7009505Z ##[endgroup]
2026-08-16T11:27:36.7010158Z ##[group]Determining the checkout info
2026-08-16T11:27:36.7013065Z ##[endgroup]
2026-08-16T11:27:36.7020982Z [command]/usr/bin/git sparse-checkout disable
2026-08-16T11:27:36.7072041Z [command]/usr/bin/git config --local --unset-all extensions.worktreeConfig
2026-08-16T11:27:36.7104055Z ##[group]Checking out the ref
2026-08-16T11:27:36.7110987Z [command]/usr/bin/git checkout --progress --force -B main refs/remotes/origin/main
2026-08-16T11:27:36.8039769Z Switched to a new branch 'main'
2026-08-16T11:27:36.8040684Z branch 'main' set up to track 'origin/main'.
2026-08-16T11:27:36.8062289Z ##[endgroup]
2026-08-16T11:27:36.8126200Z [command]/usr/bin/git log -1 --format=%H
2026-08-16T11:27:36.8150977Z cb15d07510ef5da9905f11096287b233baf81f69
2026-08-16T11:27:36.8437437Z Node 20 is being deprecated. This workflow is running with Node 24 by default. If you need to temporarily use Node 20, you can set the ACTIONS_ALLOW_USE_UNSECURE_NODE_VERSION=true environment variable. For more information see: https://github.blog/changelog/2025-09-19-deprecation-of-node-20-on-github-actions-runners/
2026-08-16T11:27:36.8439530Z ##[group]Run actions/setup-java@v4
2026-08-16T11:27:36.8439819Z with:
2026-08-16T11:27:36.8440035Z   java-version: 21
2026-08-16T11:27:36.8440258Z   distribution: temurin
2026-08-16T11:27:36.8440495Z   java-package: jdk
2026-08-16T11:27:36.8440736Z   check-latest: false
2026-08-16T11:27:36.8440957Z   server-id: github
2026-08-16T11:27:36.8441173Z   server-username: GITHUB_ACTOR
2026-08-16T11:27:36.8441633Z   server-password: GITHUB_TOKEN
2026-08-16T11:27:36.8441904Z   overwrite-settings: true
2026-08-16T11:27:36.8442153Z   job-status: success
2026-08-16T11:27:36.8444844Z   token: ***
2026-08-16T11:27:36.8445042Z env:
2026-08-16T11:27:36.8445372Z   GRADLE_OPTS: -Dorg.gradle.daemon=false -Dorg.gradle.caching=true
2026-08-16T11:27:36.8445772Z ##[endgroup]
2026-08-16T11:27:37.0154684Z ##[warning]setup-java v4 is deprecated and will no longer receive updates. Please migrate to actions/setup-java@v5.
2026-08-16T11:27:37.0168262Z ##[group]Installed distributions
2026-08-16T11:27:37.0456954Z Resolved Java 21.0.12+8 from tool-cache
2026-08-16T11:27:37.0457902Z Setting Java 21.0.12+8 as the default
2026-08-16T11:27:37.0472002Z (node:2175) [DEP0040] DeprecationWarning: The `punycode` module is deprecated. Please use a userland alternative instead.
2026-08-16T11:27:37.0473483Z (Use `node --trace-deprecation ...` to show where the warning was created)
2026-08-16T11:27:37.0477336Z Creating toolchains.xml for JDK version 21 from temurin
2026-08-16T11:27:37.0560656Z Writing to /home/runner/.m2/toolchains.xml
2026-08-16T11:27:37.0561216Z 
2026-08-16T11:27:37.0561652Z Java configuration:
2026-08-16T11:27:37.0562110Z   Distribution: temurin
2026-08-16T11:27:37.0562593Z   Version: 21.0.12+8
2026-08-16T11:27:37.0563193Z   Path: /opt/hostedtoolcache/Java_Temurin-Hotspot_jdk/21.0.12-8/x64
2026-08-16T11:27:37.0563705Z 
2026-08-16T11:27:37.0564408Z ##[endgroup]
2026-08-16T11:27:37.0588123Z Creating settings.xml with server-id: github
2026-08-16T11:27:37.0590964Z Writing to /home/runner/.m2/settings.xml
2026-08-16T11:27:37.0973263Z Node 20 is being deprecated. This workflow is running with Node 24 by default. If you need to temporarily use Node 20, you can set the ACTIONS_ALLOW_USE_UNSECURE_NODE_VERSION=true environment variable. For more information see: https://github.blog/changelog/2025-09-19-deprecation-of-node-20-on-github-actions-runners/
2026-08-16T11:27:37.0975030Z ##[group]Run gradle/actions/setup-gradle@v4
2026-08-16T11:27:37.0975328Z with:
2026-08-16T11:27:37.0975537Z   cache-read-only: false
2026-08-16T11:27:37.0975785Z   cache-disabled: false
2026-08-16T11:27:37.0976160Z   cache-write-only: false
2026-08-16T11:27:37.0976675Z   cache-overwrite-existing: false
2026-08-16T11:27:37.0977209Z   cache-cleanup: on-success
2026-08-16T11:27:37.0977681Z   gradle-home-cache-includes: caches
notifications

2026-08-16T11:27:37.0978280Z   add-job-summary: always
2026-08-16T11:27:37.0978721Z   add-job-summary-as-pr-comment: never
2026-08-16T11:27:37.0979212Z   dependency-graph: disabled
2026-08-16T11:27:37.0979797Z   dependency-graph-report-dir: dependency-graph-reports
2026-08-16T11:27:37.0980438Z   dependency-graph-continue-on-failure: true
2026-08-16T11:27:37.0980955Z   build-scan-publish: false
2026-08-16T11:27:37.0981621Z   validate-wrappers: true
2026-08-16T11:27:37.0982049Z   allow-snapshot-wrappers: false
2026-08-16T11:27:37.0982766Z   gradle-home-cache-strict-match: false
2026-08-16T11:27:37.0983243Z   workflow-job-context: null
2026-08-16T11:27:37.0986487Z   github-token: ***
2026-08-16T11:27:37.0986711Z env:
2026-08-16T11:27:37.0987003Z   GRADLE_OPTS: -Dorg.gradle.daemon=false -Dorg.gradle.caching=true
2026-08-16T11:27:37.0987661Z   JAVA_HOME: /opt/hostedtoolcache/Java_Temurin-Hotspot_jdk/21.0.12-8/x64
2026-08-16T11:27:37.0988154Z   JAVA_HOME_21_X64: /opt/hostedtoolcache/Java_Temurin-Hotspot_jdk/21.0.12-8/x64
2026-08-16T11:27:37.0988548Z ##[endgroup]
2026-08-16T11:27:38.8837084Z Merged default JDK locations into /home/runner/.m2/toolchains.xml
2026-08-16T11:27:38.8839162Z Preparing cache for cleanup.
2026-08-16T11:27:38.8843468Z ##[group]Restore Gradle state from cache
2026-08-16T11:27:39.1376509Z Cache hit for restore-key: gradle-home-v1|Linux-X64|build[5df42585ae8f8da228c604b8b4e8707c]-cf9c69986575c265ade0e2d310a8c71723f1f114
2026-08-16T11:27:40.4231168Z Received 0 of 46612209 (0.0%), 0.0 MBs/sec
2026-08-16T11:27:41.0128735Z Received 46612209 of 46612209 (100.0%), 27.9 MBs/sec
2026-08-16T11:27:41.0151700Z Cache Size: ~44 MB (46612209 B)
2026-08-16T11:27:41.0195748Z [command]/usr/bin/tar -xf /home/runner/work/_temp/f5068fc3-96ba-4aaf-a230-616f2a64b625/cache.tzst -P -C /home/runner/work/android-input-bridge/android-input-bridge --use-compress-program unzstd
2026-08-16T11:27:41.2683863Z Cache restored successfully
2026-08-16T11:27:41.2715740Z Restored cache entry with key gradle-home-v1|Linux-X64|build[5df42585ae8f8da228c604b8b4e8707c]-cb15d07510ef5da9905f11096287b233baf81f69 to /home/runner/.gradle/caches,/home/runner/.gradle/notifications,/home/runner/.gradle/.setup-gradle in 2386ms
2026-08-16T11:27:41.5281249Z Cache hit for: gradle-wrapper-zips-v1-09242415bccaaeb0f8be2fc74b9ad33a
2026-08-16T11:27:41.5294201Z Cache hit for: gradle-instrumented-jars-v1-46ca93eda272b5b9c3abc270e51c4380
2026-08-16T11:27:41.5435740Z Cache hit for: gradle-generated-gradle-jars-v1-d6d47bedd9337a0be6f3a426277e63ee
2026-08-16T11:27:41.5577960Z Cache hit for: gradle-dependencies-v1-8f802cd1f58e5234b2bfd84746798a74
2026-08-16T11:27:41.5624860Z Cache hit for: gradle-kotlin-dsl-v1-320cd8cdaf5c34e7befe5ad95652a2ca
2026-08-16T11:27:41.5628138Z Cache hit for: gradle-transforms-v1-d94bee26fccab257384d25d3b61da19f
2026-08-16T11:27:41.5767256Z Cache hit for: gradle-groovy-dsl-v1-b559cc5f4aaef5454c28d98d41779899
2026-08-16T11:27:42.1826525Z Received 120713 of 120713 (100.0%), 0.3 MBs/sec
2026-08-16T11:27:42.1827264Z Cache Size: ~0 MB (120713 B)
2026-08-16T11:27:42.1883183Z [command]/usr/bin/tar -xf /home/runner/work/_temp/e31b187c-9c51-4538-9239-5906eb2d5b6a/cache.tzst -P -C /home/runner/work/android-input-bridge/android-input-bridge --use-compress-program unzstd
2026-08-16T11:27:42.1991042Z Cache restored successfully
2026-08-16T11:27:42.1993596Z Restored cache entry with key gradle-instrumented-jars-v1-46ca93eda272b5b9c3abc270e51c4380 to /home/runner/.gradle/caches/jars-*/*/ in 925ms
2026-08-16T11:27:42.3810600Z Received 204669 of 204669 (100.0%), 0.4 MBs/sec
2026-08-16T11:27:42.3811923Z Cache Size: ~0 MB (204669 B)
2026-08-16T11:27:42.3844790Z [command]/usr/bin/tar -xf /home/runner/work/_temp/bba3d3b2-afc5-4976-88d4-0aa3795db2e7/cache.tzst -P -C /home/runner/work/android-input-bridge/android-input-bridge --use-compress-program unzstd
2026-08-16T11:27:42.4202591Z Cache restored successfully
2026-08-16T11:27:42.4205755Z Restored cache entry with key gradle-groovy-dsl-v1-b559cc5f4aaef5454c28d98d41779899 to /home/runner/.gradle/caches/*/groovy-dsl/*/ in 1145ms
2026-08-16T11:27:42.6337536Z Received 1290558 of 1290558 (100.0%), 1.6 MBs/sec
2026-08-16T11:27:42.6384119Z Cache Size: ~1 MB (1290558 B)
2026-08-16T11:27:42.6456278Z [command]/usr/bin/tar -xf /home/runner/work/_temp/9ddcb286-da25-4127-8705-8e2d8d879533/cache.tzst -P -C /home/runner/work/android-input-bridge/android-input-bridge --use-compress-program unzstd
2026-08-16T11:27:42.8030834Z Received 0 of 133626891 (0.0%), 0.0 MBs/sec
2026-08-16T11:27:42.8292318Z Received 4194304 of 37946145 (11.1%), 4.0 MBs/sec
2026-08-16T11:27:42.8331952Z Received 0 of 709530459 (0.0%), 0.0 MBs/sec
2026-08-16T11:27:42.8443953Z Received 0 of 318131303 (0.0%), 0.0 MBs/sec
2026-08-16T11:27:43.1395822Z Received 37946145 of 37946145 (100.0%), 27.5 MBs/sec
2026-08-16T11:27:43.1397085Z Cache Size: ~36 MB (37946145 B)
2026-08-16T11:27:43.1697119Z [command]/usr/bin/tar -xf /home/runner/work/_temp/27d4890a-ecbc-46cb-808e-fc281f0bfd6f/cache.tzst -P -C /home/runner/work/android-input-bridge/android-input-bridge --use-compress-program unzstd
2026-08-16T11:27:43.3279935Z Cache restored successfully
2026-08-16T11:27:43.3476278Z Restored cache entry with key gradle-kotlin-dsl-v1-320cd8cdaf5c34e7befe5ad95652a2ca to /home/runner/.gradle/caches/*/kotlin-dsl/accessors/*/,/home/runner/.gradle/caches/*/kotlin-dsl/scripts/*/ in 2073ms
2026-08-16T11:27:43.5738471Z Cache restored successfully
2026-08-16T11:27:43.5802985Z Restored cache entry with key gradle-generated-gradle-jars-v1-d6d47bedd9337a0be6f3a426277e63ee to /home/runner/.gradle/caches/8.7/generated-gradle-jars/gradle-api-8.7.jar in 2304ms
2026-08-16T11:27:43.8031730Z Received 71303168 of 133626891 (53.4%), 34.0 MBs/sec
2026-08-16T11:27:43.8362600Z Received 100663296 of 709530459 (14.2%), 47.9 MBs/sec
2026-08-16T11:27:43.8465608Z Received 79691776 of 318131303 (25.0%), 37.9 MBs/sec
2026-08-16T11:27:44.3366673Z Received 133626891 of 133626891 (100.0%), 50.3 MBs/sec
2026-08-16T11:27:44.3369390Z Cache Size: ~127 MB (133626891 B)
2026-08-16T11:27:44.3728206Z [command]/usr/bin/tar -xf /home/runner/work/_temp/f6b54aae-2172-45c1-85f3-67ac67a23e0d/cache.tzst -P -C /home/runner/work/android-input-bridge/android-input-bridge --use-compress-program unzstd
2026-08-16T11:27:44.6545257Z Cache restored successfully
2026-08-16T11:27:44.6611125Z Restored cache entry with key gradle-wrapper-zips-v1-09242415bccaaeb0f8be2fc74b9ad33a to /home/runner/.gradle/wrapper/dists/gradle-8.7-bin/bhs2wmbdwecv87pi65oeuq5iu in 3387ms
2026-08-16T11:27:44.8417360Z Received 201326592 of 709530459 (28.4%), 63.8 MBs/sec
2026-08-16T11:27:44.8478725Z Received 192937984 of 318131303 (60.6%), 61.3 MBs/sec
2026-08-16T11:27:45.8083082Z Received 318131303 of 318131303 (100.0%), 76.5 MBs/sec
2026-08-16T11:27:45.8142549Z Cache Size: ~303 MB (318131303 B)
2026-08-16T11:27:45.8446955Z Received 343932928 of 709530459 (48.5%), 81.7 MBs/sec
2026-08-16T11:27:45.8538363Z [command]/usr/bin/tar -xf /home/runner/work/_temp/d8dc341e-cb0e-4f1d-9f57-19ef54e57f85/cache.tzst -P -C /home/runner/work/android-input-bridge/android-input-bridge --use-compress-program unzstd
2026-08-16T11:27:46.4023283Z Cache restored successfully
2026-08-16T11:27:46.4263694Z Restored cache entry with key gradle-dependencies-v1-8f802cd1f58e5234b2bfd84746798a74 to /home/runner/.gradle/caches/modules-*/files-*/*/*/*/* in 5152ms
2026-08-16T11:27:46.8452756Z Received 406847488 of 709530459 (57.3%), 77.4 MBs/sec
2026-08-16T11:27:47.8450125Z Received 528482304 of 709530459 (74.5%), 83.8 MBs/sec
2026-08-16T11:27:48.8448216Z Received 578813952 of 709530459 (81.6%), 78.7 MBs/sec
2026-08-16T11:27:49.8513129Z Received 709530459 of 709530459 (100.0%), 84.4 MBs/sec
2026-08-16T11:27:49.8516526Z Cache Size: ~677 MB (709530459 B)
2026-08-16T11:27:49.8547775Z [command]/usr/bin/tar -xf /home/runner/work/_temp/60fdda35-7982-421f-887e-74b7fa3c999d/cache.tzst -P -C /home/runner/work/android-input-bridge/android-input-bridge --use-compress-program unzstd
2026-08-16T11:27:56.4749760Z Cache restored successfully
2026-08-16T11:27:56.8118315Z Restored cache entry with key gradle-transforms-v1-d94bee26fccab257384d25d3b61da19f to /home/runner/.gradle/caches/transforms-4/*/,/home/runner/.gradle/caches/*/transforms/*/ in 15536ms
2026-08-16T11:27:56.9129018Z ##[endgroup]
2026-08-16T11:27:56.9246893Z ##[group]All Gradle Wrapper jars are valid
2026-08-16T11:27:56.9248876Z ✓ Found known Gradle Wrapper JAR files:
2026-08-16T11:27:56.9250265Z   cb0da6751c2b753a16ac168bb354870ebb1e162e9083f116729cec9c781156b8 gradle/wrapper/gradle-wrapper.jar
2026-08-16T11:27:56.9252228Z ##[endgroup]
2026-08-16T11:27:56.9469612Z ##[group]Run chmod +x ./gradlew
2026-08-16T11:27:56.9470037Z [36;1mchmod +x ./gradlew[0m
2026-08-16T11:27:56.9509835Z shell: /usr/bin/bash -e {0}
2026-08-16T11:27:56.9510162Z env:
2026-08-16T11:27:56.9510528Z   GRADLE_OPTS: -Dorg.gradle.daemon=false -Dorg.gradle.caching=true
2026-08-16T11:27:56.9511094Z   JAVA_HOME: /opt/hostedtoolcache/Java_Temurin-Hotspot_jdk/21.0.12-8/x64
2026-08-16T11:27:56.9512042Z   JAVA_HOME_21_X64: /opt/hostedtoolcache/Java_Temurin-Hotspot_jdk/21.0.12-8/x64
2026-08-16T11:27:56.9512524Z   GRADLE_ACTION_ID: gradle/actions/setup-gradle
2026-08-16T11:27:56.9512883Z   GRADLE_USER_HOME: /home/runner/.gradle
2026-08-16T11:27:56.9513232Z   GRADLE_BUILD_ACTION_SETUP_COMPLETED: true
2026-08-16T11:27:56.9513584Z   GRADLE_BUILD_ACTION_CACHE_RESTORED: true
2026-08-16T11:27:56.9514089Z   DEVELOCITY_INJECTION_INIT_SCRIPT_NAME: gradle-actions.inject-develocity.init.gradle
2026-08-16T11:27:56.9514635Z   DEVELOCITY_INJECTION_CUSTOM_VALUE: gradle-actions
2026-08-16T11:27:56.9515056Z   GITHUB_DEPENDENCY_GRAPH_ENABLED: false
2026-08-16T11:27:56.9515377Z ##[endgroup]
2026-08-16T11:27:56.9743753Z ##[group]Run ./gradlew :app-bridge:assembleDebug :app-receiver:assembleDebug --stacktrace --no-configuration-cache
2026-08-16T11:27:56.9744697Z [36;1m./gradlew :app-bridge:assembleDebug :app-receiver:assembleDebug --stacktrace --no-configuration-cache[0m
2026-08-16T11:27:56.9779349Z shell: /usr/bin/bash -e {0}
2026-08-16T11:27:56.9779661Z env:
2026-08-16T11:27:56.9780015Z   GRADLE_OPTS: -Dorg.gradle.daemon=false -Dorg.gradle.caching=true
2026-08-16T11:27:56.9780564Z   JAVA_HOME: /opt/hostedtoolcache/Java_Temurin-Hotspot_jdk/21.0.12-8/x64
2026-08-16T11:27:56.9781117Z   JAVA_HOME_21_X64: /opt/hostedtoolcache/Java_Temurin-Hotspot_jdk/21.0.12-8/x64
2026-08-16T11:27:56.9781866Z   GRADLE_ACTION_ID: gradle/actions/setup-gradle
2026-08-16T11:27:56.9782235Z   GRADLE_USER_HOME: /home/runner/.gradle
2026-08-16T11:27:56.9782578Z   GRADLE_BUILD_ACTION_SETUP_COMPLETED: true
2026-08-16T11:27:56.9782935Z   GRADLE_BUILD_ACTION_CACHE_RESTORED: true
2026-08-16T11:27:56.9783467Z   DEVELOCITY_INJECTION_INIT_SCRIPT_NAME: gradle-actions.inject-develocity.init.gradle
2026-08-16T11:27:56.9784011Z   DEVELOCITY_INJECTION_CUSTOM_VALUE: gradle-actions
2026-08-16T11:27:56.9784381Z   GITHUB_DEPENDENCY_GRAPH_ENABLED: false
2026-08-16T11:27:56.9784697Z ##[endgroup]
2026-08-16T11:27:59.1388233Z To honour the JVM settings for this build a single-use Daemon process will be forked. For more on this, please refer to https://docs.gradle.org/8.7/userguide/gradle_daemon.html#sec:disabling_the_daemon in the Gradle documentation.
2026-08-16T11:28:00.6382726Z Daemon will be stopped at the end of the build 
2026-08-16T11:28:17.5421117Z > Task :build-logic:checkKotlinGradlePluginConfigurationErrors
2026-08-16T11:28:17.7405081Z > Task :build-logic:compileKotlin FROM-CACHE
2026-08-16T11:28:17.7433008Z > Task :build-logic:compileJava NO-SOURCE
2026-08-16T11:28:17.7434010Z > Task :build-logic:pluginDescriptors
2026-08-16T11:28:17.7434830Z > Task :build-logic:processResources
2026-08-16T11:28:17.7435652Z > Task :build-logic:classes
2026-08-16T11:28:17.8412425Z > Task :build-logic:jar
2026-08-16T11:28:23.5405317Z > Task :diagnostics:preBuild UP-TO-DATE
2026-08-16T11:28:23.5414683Z > Task :input-capture:preBuild UP-TO-DATE
2026-08-16T11:28:23.5415642Z > Task :diagnostics:preDebugBuild UP-TO-DATE
2026-08-16T11:28:23.5416542Z > Task :input-capture:preDebugBuild UP-TO-DATE
2026-08-16T11:28:23.5417481Z > Task :app-bridge:preBuild UP-TO-DATE
2026-08-16T11:28:23.5418293Z > Task :protocol:preBuild UP-TO-DATE
2026-08-16T11:28:23.5419129Z > Task :app-bridge:preDebugBuild UP-TO-DATE
2026-08-16T11:28:23.5419843Z > Task :protocol:preDebugBuild UP-TO-DATE
2026-08-16T11:28:23.5420678Z > Task :app-bridge:mergeDebugNativeDebugMetadata NO-SOURCE
2026-08-16T11:28:23.5422237Z > Task :app-bridge:checkKotlinGradlePluginConfigurationErrors SKIPPED
2026-08-16T11:28:23.5423384Z > Task :app-bridge:generateDebugBuildConfig FROM-CACHE
2026-08-16T11:28:23.5424231Z > Task :shared-core:preBuild UP-TO-DATE
2026-08-16T11:28:23.5443839Z > Task :shared-core:preDebugBuild UP-TO-DATE
2026-08-16T11:28:23.6394535Z > Task :diagnostics:writeDebugAarMetadata
2026-08-16T11:28:23.6470756Z > Task :input-capture:writeDebugAarMetadata
2026-08-16T11:28:23.6491653Z > Task :protocol:writeDebugAarMetadata
2026-08-16T11:28:23.6492688Z > Task :transport-bluetooth-hid:preBuild UP-TO-DATE
2026-08-16T11:28:23.6525174Z > Task :transport-wifi:preBuild UP-TO-DATE
2026-08-16T11:28:23.6552145Z > Task :shared-core:writeDebugAarMetadata
2026-08-16T11:28:23.6582161Z > Task :transport-wifi:preDebugBuild UP-TO-DATE
2026-08-16T11:28:23.6612033Z > Task :transport-bluetooth-hid:preDebugBuild UP-TO-DATE
2026-08-16T11:28:23.6613243Z > Task :app-bridge:generateDebugResValues FROM-CACHE
2026-08-16T11:28:23.6644297Z > Task :diagnostics:generateDebugResValues FROM-CACHE
2026-08-16T11:28:23.6645465Z > Task :transport-bluetooth-hid:writeDebugAarMetadata
2026-08-16T11:28:23.6646564Z > Task :transport-wifi:writeDebugAarMetadata
2026-08-16T11:28:23.6647660Z > Task :input-capture:generateDebugResValues FROM-CACHE
2026-08-16T11:28:23.6649149Z > Task :protocol:generateDebugResValues FROM-CACHE
2026-08-16T11:28:23.6650302Z > Task :diagnostics:generateDebugResources FROM-CACHE
2026-08-16T11:28:23.6651617Z > Task :protocol:generateDebugResources FROM-CACHE
2026-08-16T11:28:23.6652718Z > Task :input-capture:generateDebugResources FROM-CACHE
2026-08-16T11:28:23.7421607Z > Task :diagnostics:packageDebugResources FROM-CACHE
2026-08-16T11:28:23.7462365Z > Task :protocol:packageDebugResources FROM-CACHE
2026-08-16T11:28:23.7471830Z > Task :input-capture:packageDebugResources FROM-CACHE
2026-08-16T11:28:23.7502363Z > Task :shared-core:generateDebugResValues FROM-CACHE
2026-08-16T11:28:23.7532286Z > Task :transport-wifi:generateDebugResValues FROM-CACHE
2026-08-16T11:28:23.7574225Z > Task :transport-bluetooth-hid:generateDebugResValues FROM-CACHE
2026-08-16T11:28:23.7582829Z > Task :shared-core:generateDebugResources FROM-CACHE
2026-08-16T11:28:23.7612286Z > Task :transport-wifi:generateDebugResources FROM-CACHE
2026-08-16T11:28:23.7642325Z > Task :transport-bluetooth-hid:generateDebugResources FROM-CACHE
2026-08-16T11:28:23.7672097Z > Task :shared-core:packageDebugResources FROM-CACHE
2026-08-16T11:28:23.7673339Z > Task :transport-bluetooth-hid:packageDebugResources FROM-CACHE
2026-08-16T11:28:23.7705321Z > Task :transport-wifi:packageDebugResources FROM-CACHE
2026-08-16T11:28:23.7732114Z > Task :diagnostics:extractDeepLinksDebug FROM-CACHE
2026-08-16T11:28:23.7752115Z > Task :input-capture:extractDeepLinksDebug FROM-CACHE
2026-08-16T11:28:23.8384796Z > Task :protocol:extractDeepLinksDebug FROM-CACHE
2026-08-16T11:28:23.8400060Z > Task :diagnostics:processDebugManifest FROM-CACHE
2026-08-16T11:28:23.8401135Z > Task :shared-core:extractDeepLinksDebug FROM-CACHE
2026-08-16T11:28:23.8402524Z > Task :input-capture:processDebugManifest FROM-CACHE
2026-08-16T11:28:23.8404760Z > Task :transport-bluetooth-hid:extractDeepLinksDebug FROM-CACHE
2026-08-16T11:28:23.8405938Z > Task :protocol:processDebugManifest FROM-CACHE
2026-08-16T11:28:23.8408399Z > Task :transport-wifi:extractDeepLinksDebug FROM-CACHE
2026-08-16T11:28:23.8409573Z > Task :shared-core:processDebugManifest FROM-CACHE
2026-08-16T11:28:23.8410677Z > Task :transport-bluetooth-hid:processDebugManifest FROM-CACHE
2026-08-16T11:28:23.8411769Z > Task :input-capture:compileDebugLibraryResources FROM-CACHE
2026-08-16T11:28:23.8412794Z > Task :diagnostics:compileDebugLibraryResources FROM-CACHE
2026-08-16T11:28:23.8413600Z > Task :transport-wifi:processDebugManifest FROM-CACHE
2026-08-16T11:28:23.8414383Z > Task :protocol:compileDebugLibraryResources FROM-CACHE
2026-08-16T11:28:24.6420966Z > Task :protocol:parseDebugLocalResources FROM-CACHE
2026-08-16T11:28:24.6452279Z > Task :input-capture:parseDebugLocalResources FROM-CACHE
2026-08-16T11:28:24.6552598Z > Task :diagnostics:parseDebugLocalResources FROM-CACHE
2026-08-16T11:28:24.6564583Z > Task :input-capture:generateDebugRFile FROM-CACHE
2026-08-16T11:28:24.6631974Z > Task :protocol:generateDebugRFile FROM-CACHE
2026-08-16T11:28:24.6661961Z > Task :diagnostics:generateDebugRFile FROM-CACHE
2026-08-16T11:28:24.6692157Z > Task :transport-wifi:compileDebugLibraryResources FROM-CACHE
2026-08-16T11:28:24.6714857Z > Task :transport-bluetooth-hid:compileDebugLibraryResources FROM-CACHE
2026-08-16T11:28:24.6716154Z > Task :shared-core:compileDebugLibraryResources FROM-CACHE
2026-08-16T11:28:24.6725816Z > Task :transport-bluetooth-hid:parseDebugLocalResources FROM-CACHE
2026-08-16T11:28:24.6734512Z > Task :transport-wifi:parseDebugLocalResources FROM-CACHE
2026-08-16T11:28:24.6736352Z > Task :shared-core:parseDebugLocalResources FROM-CACHE
2026-08-16T11:28:24.7392664Z > Task :transport-wifi:generateDebugRFile FROM-CACHE
2026-08-16T11:28:24.7462398Z > Task :diagnostics:checkKotlinGradlePluginConfigurationErrors SKIPPED
2026-08-16T11:28:24.7522275Z > Task :shared-core:generateDebugRFile FROM-CACHE
2026-08-16T11:28:24.7553502Z > Task :transport-bluetooth-hid:generateDebugRFile FROM-CACHE
2026-08-16T11:28:24.7588825Z > Task :protocol:checkKotlinGradlePluginConfigurationErrors SKIPPED
2026-08-16T11:28:24.7642237Z > Task :shared-core:checkKotlinGradlePluginConfigurationErrors SKIPPED
2026-08-16T11:28:24.7672202Z > Task :protocol:javaPreCompileDebug FROM-CACHE
2026-08-16T11:28:24.7705050Z > Task :input-capture:checkKotlinGradlePluginConfigurationErrors SKIPPED
2026-08-16T11:28:24.7758156Z > Task :diagnostics:javaPreCompileDebug FROM-CACHE
2026-08-16T11:28:24.7785225Z > Task :transport-bluetooth-hid:checkKotlinGradlePluginConfigurationErrors SKIPPED
2026-08-16T11:28:24.7842314Z > Task :transport-wifi:checkKotlinGradlePluginConfigurationErrors SKIPPED
2026-08-16T11:28:24.7888796Z > Task :input-capture:javaPreCompileDebug FROM-CACHE
2026-08-16T11:28:24.7932043Z > Task :transport-wifi:javaPreCompileDebug FROM-CACHE
2026-08-16T11:28:24.7970613Z > Task :transport-bluetooth-hid:javaPreCompileDebug FROM-CACHE
2026-08-16T11:28:25.1392821Z > Task :input-capture:mergeDebugShaders
2026-08-16T11:28:25.1422289Z > Task :diagnostics:mergeDebugShaders
2026-08-16T11:28:25.1452253Z > Task :input-capture:compileDebugShaders NO-SOURCE
2026-08-16T11:28:25.1482148Z > Task :diagnostics:compileDebugShaders NO-SOURCE
2026-08-16T11:28:25.1511985Z > Task :diagnostics:generateDebugAssets UP-TO-DATE
2026-08-16T11:28:25.1542135Z > Task :input-capture:generateDebugAssets UP-TO-DATE
2026-08-16T11:28:25.1571921Z > Task :input-capture:packageDebugAssets
2026-08-16T11:28:25.1572621Z > Task :diagnostics:packageDebugAssets
2026-08-16T11:28:25.1573245Z > Task :protocol:mergeDebugShaders
2026-08-16T11:28:25.1573853Z > Task :app-bridge:checkDebugAarMetadata
2026-08-16T11:28:25.1574535Z > Task :protocol:compileDebugShaders NO-SOURCE
2026-08-16T11:28:25.1575236Z > Task :protocol:generateDebugAssets UP-TO-DATE
2026-08-16T11:28:25.2412670Z > Task :protocol:packageDebugAssets
2026-08-16T11:28:25.2472189Z > Task :transport-wifi:mergeDebugShaders
2026-08-16T11:28:25.2488660Z > Task :transport-wifi:compileDebugShaders NO-SOURCE
2026-08-16T11:28:25.2489722Z > Task :transport-wifi:generateDebugAssets UP-TO-DATE
2026-08-16T11:28:25.2490642Z > Task :transport-bluetooth-hid:mergeDebugShaders
2026-08-16T11:28:25.2491869Z > Task :transport-bluetooth-hid:compileDebugShaders NO-SOURCE
2026-08-16T11:28:25.2492858Z > Task :transport-bluetooth-hid:generateDebugAssets UP-TO-DATE
2026-08-16T11:28:25.2534196Z > Task :transport-wifi:packageDebugAssets
2026-08-16T11:28:25.2562192Z > Task :transport-bluetooth-hid:packageDebugAssets
2026-08-16T11:28:25.2592017Z > Task :diagnostics:mergeDebugJniLibFolders
2026-08-16T11:28:25.3452779Z > Task :input-capture:mergeDebugJniLibFolders
2026-08-16T11:28:25.3522315Z > Task :diagnostics:mergeDebugNativeLibs NO-SOURCE
2026-08-16T11:28:25.3575804Z > Task :input-capture:mergeDebugNativeLibs NO-SOURCE
2026-08-16T11:28:25.3576697Z > Task :input-capture:copyDebugJniLibsProjectOnly
2026-08-16T11:28:25.3649155Z > Task :diagnostics:copyDebugJniLibsProjectOnly
2026-08-16T11:28:25.3664320Z > Task :protocol:mergeDebugJniLibFolders
2026-08-16T11:28:25.3691857Z > Task :app-bridge:mapDebugSourceSetPaths
2026-08-16T11:28:25.3710758Z > Task :transport-bluetooth-hid:mergeDebugJniLibFolders
2026-08-16T11:28:25.3740374Z > Task :protocol:mergeDebugNativeLibs NO-SOURCE
2026-08-16T11:28:25.3741639Z > Task :transport-bluetooth-hid:mergeDebugNativeLibs NO-SOURCE
2026-08-16T11:28:25.3742729Z > Task :shared-core:compileDebugKotlin FROM-CACHE
2026-08-16T11:28:25.3743803Z > Task :app-bridge:generateDebugResources FROM-CACHE
2026-08-16T11:28:25.3744526Z > Task :protocol:copyDebugJniLibsProjectOnly
2026-08-16T11:28:25.3747103Z > Task :transport-bluetooth-hid:copyDebugJniLibsProjectOnly
2026-08-16T11:28:25.3747857Z > Task :app-receiver:preBuild UP-TO-DATE
2026-08-16T11:28:25.3748504Z > Task :app-receiver:preDebugBuild UP-TO-DATE
2026-08-16T11:28:25.3749191Z > Task :shared-core:javaPreCompileDebug FROM-CACHE
2026-08-16T11:28:25.3750010Z > Task :app-receiver:mergeDebugNativeDebugMetadata NO-SOURCE
2026-08-16T11:28:25.3751083Z > Task :accessibility-receiver:checkKotlinGradlePluginConfigurationErrors SKIPPED
2026-08-16T11:28:25.3752663Z > Task :transport-wifi:mergeDebugJniLibFolders
2026-08-16T11:28:25.3753470Z > Task :shared-core:compileDebugJavaWithJavac NO-SOURCE
2026-08-16T11:28:25.3754260Z > Task :accessibility-receiver:preBuild UP-TO-DATE
2026-08-16T11:28:25.3755044Z > Task :accessibility-receiver:preDebugBuild UP-TO-DATE
2026-08-16T11:28:25.3755824Z > Task :transport-wifi:mergeDebugNativeLibs NO-SOURCE
2026-08-16T11:28:25.3756653Z > Task :accessibility-receiver:generateDebugResValues FROM-CACHE
2026-08-16T11:28:25.3757518Z > Task :transport-wifi:copyDebugJniLibsProjectOnly
2026-08-16T11:28:25.3758462Z > Task :app-receiver:checkKotlinGradlePluginConfigurationErrors SKIPPED
2026-08-16T11:28:25.3759441Z > Task :app-receiver:generateDebugBuildConfig FROM-CACHE
2026-08-16T11:28:25.3760346Z > Task :accessibility-receiver:generateDebugResources FROM-CACHE
2026-08-16T11:28:25.3761252Z > Task :app-receiver:generateDebugResValues FROM-CACHE
2026-08-16T11:28:25.3762448Z > Task :accessibility-receiver:packageDebugResources FROM-CACHE
2026-08-16T11:28:25.4408084Z > Task :shared-core:mergeDebugShaders
2026-08-16T11:28:25.4442054Z > Task :shared-core:compileDebugShaders NO-SOURCE
2026-08-16T11:28:25.4499662Z > Task :shared-core:generateDebugAssets UP-TO-DATE
2026-08-16T11:28:25.4522257Z > Task :accessibility-receiver:parseDebugLocalResources FROM-CACHE
2026-08-16T11:28:25.4573580Z > Task :accessibility-receiver:generateDebugRFile FROM-CACHE
2026-08-16T11:28:25.4601944Z > Task :shared-core:packageDebugAssets
2026-08-16T11:28:25.4633136Z > Task :accessibility-receiver:javaPreCompileDebug FROM-CACHE
2026-08-16T11:28:25.4657181Z > Task :accessibility-receiver:compileDebugLibraryResources FROM-CACHE
2026-08-16T11:28:25.4661967Z > Task :shared-core:processDebugJavaRes
2026-08-16T11:28:25.4692006Z > Task :shared-core:bundleLibRuntimeToJarDebug
2026-08-16T11:28:25.4722225Z > Task :shared-core:bundleLibCompileToJarDebug
2026-08-16T11:28:25.4738533Z > Task :accessibility-receiver:writeDebugAarMetadata
2026-08-16T11:28:25.5402849Z > Task :shared-core:bundleLibRuntimeToDirDebug
2026-08-16T11:28:25.6392692Z > Task :protocol:compileDebugKotlin FROM-CACHE
2026-08-16T11:28:25.6416335Z > Task :protocol:compileDebugJavaWithJavac NO-SOURCE
2026-08-16T11:28:25.6457446Z > Task :shared-core:mergeDebugJniLibFolders
2026-08-16T11:28:25.6494504Z > Task :protocol:bundleLibCompileToJarDebug
2026-08-16T11:28:25.6522034Z > Task :app-receiver:mapDebugSourceSetPaths
2026-08-16T11:28:25.6552060Z > Task :protocol:bundleLibRuntimeToJarDebug
2026-08-16T11:28:25.6582194Z > Task :app-bridge:mergeDebugResources FROM-CACHE
2026-08-16T11:28:25.7405619Z > Task :app-bridge:packageDebugResources FROM-CACHE
2026-08-16T11:28:25.7455456Z > Task :app-bridge:parseDebugLocalResources FROM-CACHE
2026-08-16T11:28:25.7456764Z > Task :app-bridge:createDebugCompatibleScreenManifests
2026-08-16T11:28:25.7457589Z > Task :input-capture:compileDebugKotlin FROM-CACHE
2026-08-16T11:28:25.7458339Z > Task :app-bridge:extractDeepLinksDebug FROM-CACHE
2026-08-16T11:28:25.7459469Z > Task :input-capture:compileDebugJavaWithJavac NO-SOURCE
2026-08-16T11:28:25.8414902Z > Task :input-capture:bundleLibCompileToJarDebug
2026-08-16T11:28:25.8442218Z > Task :input-capture:bundleLibRuntimeToJarDebug
2026-08-16T11:28:25.8471994Z > Task :diagnostics:compileDebugKotlin FROM-CACHE
2026-08-16T11:28:25.8502177Z > Task :transport-wifi:compileDebugKotlin FROM-CACHE
2026-08-16T11:28:25.8503290Z > Task :input-capture:processDebugJavaRes
2026-08-16T11:28:25.9379636Z > Task :transport-wifi:compileDebugJavaWithJavac NO-SOURCE
2026-08-16T11:28:25.9409817Z > Task :diagnostics:compileDebugJavaWithJavac NO-SOURCE
2026-08-16T11:28:25.9450734Z > Task :protocol:processDebugJavaRes
2026-08-16T11:28:25.9487509Z > Task :diagnostics:bundleLibCompileToJarDebug
2026-08-16T11:28:25.9514293Z > Task :transport-wifi:bundleLibCompileToJarDebug
2026-08-16T11:28:25.9531626Z > Task :transport-wifi:bundleLibRuntimeToJarDebug
2026-08-16T11:28:25.9563235Z > Task :diagnostics:bundleLibRuntimeToJarDebug
2026-08-16T11:28:25.9564644Z > Task :app-bridge:processDebugMainManifest FROM-CACHE
2026-08-16T11:28:25.9602398Z > Task :app-bridge:processDebugManifest FROM-CACHE
2026-08-16T11:28:25.9648508Z > Task :app-bridge:processDebugManifestForPackage FROM-CACHE
2026-08-16T11:28:25.9672077Z > Task :diagnostics:processDebugJavaRes
2026-08-16T11:28:25.9702249Z > Task :transport-wifi:processDebugJavaRes
2026-08-16T11:28:25.9732220Z > Task :transport-wifi:bundleLibRuntimeToDirDebug
2026-08-16T11:28:25.9733289Z > Task :input-capture:bundleLibRuntimeToDirDebug
2026-08-16T11:28:26.0389057Z > Task :diagnostics:bundleLibRuntimeToDirDebug
2026-08-16T11:28:26.0412485Z > Task :shared-core:mergeDebugNativeLibs NO-SOURCE
2026-08-16T11:28:26.0442330Z > Task :shared-core:copyDebugJniLibsProjectOnly
2026-08-16T11:28:26.1387800Z > Task :protocol:bundleLibRuntimeToDirDebug
2026-08-16T11:28:26.3412562Z > Task :app-receiver:checkDebugAarMetadata
2026-08-16T11:28:26.3442287Z > Task :app-receiver:generateDebugResources FROM-CACHE
2026-08-16T11:28:26.3472260Z > Task :accessibility-receiver:compileDebugKotlin FROM-CACHE
2026-08-16T11:28:26.3495042Z > Task :accessibility-receiver:compileDebugJavaWithJavac NO-SOURCE
2026-08-16T11:28:26.3502198Z > Task :accessibility-receiver:bundleLibCompileToJarDebug
2026-08-16T11:28:26.3532135Z > Task :accessibility-receiver:extractDeepLinksDebug FROM-CACHE
2026-08-16T11:28:26.3561898Z > Task :app-bridge:processDebugResources FROM-CACHE
2026-08-16T11:28:26.3592075Z > Task :accessibility-receiver:processDebugManifest FROM-CACHE
2026-08-16T11:28:26.4392686Z > Task :app-bridge:javaPreCompileDebug FROM-CACHE
2026-08-16T11:28:26.4406506Z > Task :accessibility-receiver:mergeDebugShaders
2026-08-16T11:28:26.4439475Z > Task :app-bridge:mergeDebugShaders
2026-08-16T11:28:26.4480331Z > Task :accessibility-receiver:compileDebugShaders NO-SOURCE
2026-08-16T11:28:26.4481889Z > Task :accessibility-receiver:generateDebugAssets UP-TO-DATE
2026-08-16T11:28:26.4546200Z > Task :app-bridge:compileDebugShaders NO-SOURCE
2026-08-16T11:28:26.4572021Z > Task :app-bridge:generateDebugAssets UP-TO-DATE
2026-08-16T11:28:26.4662341Z > Task :accessibility-receiver:packageDebugAssets
2026-08-16T11:28:26.5418953Z > Task :app-receiver:mergeDebugResources FROM-CACHE
2026-08-16T11:28:26.5442559Z > Task :accessibility-receiver:bundleLibRuntimeToJarDebug
2026-08-16T11:28:26.5443643Z > Task :app-bridge:mergeDebugAssets
2026-08-16T11:28:26.5471812Z > Task :app-receiver:packageDebugResources FROM-CACHE
2026-08-16T11:28:26.5542659Z > Task :app-bridge:compressDebugAssets FROM-CACHE
2026-08-16T11:28:26.5572444Z > Task :app-receiver:parseDebugLocalResources FROM-CACHE
2026-08-16T11:28:26.5613987Z > Task :app-bridge:desugarDebugFileDependencies FROM-CACHE
2026-08-16T11:28:26.5615418Z > Task :app-receiver:createDebugCompatibleScreenManifests
2026-08-16T11:28:26.5637574Z > Task :accessibility-receiver:processDebugJavaRes
2026-08-16T11:28:26.5638971Z > Task :app-receiver:extractDeepLinksDebug FROM-CACHE
2026-08-16T11:28:26.6432806Z > Task :accessibility-receiver:bundleLibRuntimeToDirDebug
2026-08-16T11:28:26.6452610Z > Task :accessibility-receiver:mergeDebugJniLibFolders
2026-08-16T11:28:26.6470064Z > Task :accessibility-receiver:mergeDebugNativeLibs NO-SOURCE
2026-08-16T11:28:26.6502040Z > Task :accessibility-receiver:copyDebugJniLibsProjectOnly
2026-08-16T11:28:26.7379721Z > Task :app-receiver:processDebugMainManifest FROM-CACHE
2026-08-16T11:28:26.8387597Z > Task :app-bridge:mergeDebugStartupProfile
2026-08-16T11:28:26.8402673Z > Task :app-receiver:processDebugManifest FROM-CACHE
2026-08-16T11:28:26.8403843Z > Task :app-receiver:processDebugManifestForPackage FROM-CACHE
2026-08-16T11:28:26.8405156Z > Task :app-bridge:mergeDebugJniLibFolders
2026-08-16T11:28:26.9406399Z > Task :app-bridge:checkDebugDuplicateClasses
2026-08-16T11:28:27.0383825Z > Task :app-bridge:mergeDebugNativeLibs
2026-08-16T11:28:27.3396438Z > Task :app-receiver:processDebugResources FROM-CACHE
2026-08-16T11:28:27.6412686Z > Task :app-receiver:compileDebugKotlin FROM-CACHE
2026-08-16T11:28:27.6459295Z > Task :app-receiver:javaPreCompileDebug FROM-CACHE
2026-08-16T11:28:28.1400942Z > Task :app-bridge:mergeExtDexDebug FROM-CACHE
2026-08-16T11:28:28.2391921Z 
2026-08-16T11:28:28.2410819Z > Task :app-bridge:stripDebugDebugSymbols
2026-08-16T11:28:28.2458967Z Unable to strip the following libraries, packaging them as they are: libdatastore_shared_counter.so.
2026-08-16T11:28:29.1421842Z 
2026-08-16T11:28:29.1502440Z > Task :app-receiver:compileDebugJavaWithJavac FROM-CACHE
2026-08-16T11:28:29.1602230Z > Task :app-receiver:mergeDebugShaders
2026-08-16T11:28:29.1662050Z > Task :app-receiver:compileDebugShaders NO-SOURCE
2026-08-16T11:28:29.1722051Z > Task :app-receiver:generateDebugAssets UP-TO-DATE
2026-08-16T11:28:29.1751961Z > Task :app-receiver:mergeDebugAssets
2026-08-16T11:28:29.1782087Z > Task :app-receiver:compressDebugAssets FROM-CACHE
2026-08-16T11:28:29.1802225Z > Task :app-receiver:desugarDebugFileDependencies FROM-CACHE
2026-08-16T11:28:29.3380939Z > Task :app-receiver:dexBuilderDebug FROM-CACHE
2026-08-16T11:28:29.4383250Z > Task :app-receiver:mergeDebugGlobalSynthetics FROM-CACHE
2026-08-16T11:28:29.4432314Z > Task :app-receiver:processDebugJavaRes
2026-08-16T11:28:29.6417623Z > Task :app-receiver:checkDebugDuplicateClasses
2026-08-16T11:28:29.6472032Z > Task :app-receiver:mergeDebugStartupProfile
2026-08-16T11:28:29.9379883Z > Task :app-bridge:validateSigningDebug
2026-08-16T11:28:29.9412224Z > Task :app-bridge:writeDebugAppMetadata
2026-08-16T11:28:29.9413275Z > Task :app-bridge:writeDebugSigningConfigVersions
2026-08-16T11:28:30.5387686Z > Task :app-receiver:mergeExtDexDebug FROM-CACHE
2026-08-16T11:28:30.6402682Z > Task :app-receiver:mergeLibDexDebug FROM-CACHE
2026-08-16T11:28:30.6468888Z > Task :app-receiver:mergeProjectDexDebug FROM-CACHE
2026-08-16T11:28:30.6529039Z > Task :app-receiver:mergeDebugJniLibFolders
2026-08-16T11:28:30.7416907Z > Task :app-receiver:validateSigningDebug
2026-08-16T11:28:30.7442244Z > Task :app-receiver:writeDebugAppMetadata
2026-08-16T11:28:30.7502025Z > Task :app-receiver:mergeDebugNativeLibs
2026-08-16T11:28:30.7532210Z > Task :app-receiver:writeDebugSigningConfigVersions
2026-08-16T11:28:30.7554238Z 
2026-08-16T11:28:30.7601993Z > Task :app-receiver:stripDebugDebugSymbols
2026-08-16T11:28:30.7634375Z Unable to strip the following libraries, packaging them as they are: libdatastore_shared_counter.so.
2026-08-16T11:28:31.3382032Z 
2026-08-16T11:28:31.3432638Z > Task :app-receiver:mergeDebugJavaResource
2026-08-16T11:28:32.2379385Z > Task :app-receiver:packageDebug
2026-08-16T11:28:32.2396607Z > Task :app-receiver:createDebugApkListingFileRedirect
2026-08-16T11:28:32.2398533Z > Task :app-receiver:assembleDebug
2026-08-16T11:28:37.0402533Z > Task :transport-bluetooth-hid:compileDebugKotlin
2026-08-16T11:28:37.0462352Z > Task :transport-bluetooth-hid:compileDebugJavaWithJavac NO-SOURCE
2026-08-16T11:28:37.0492349Z > Task :transport-bluetooth-hid:bundleLibCompileToJarDebug
2026-08-16T11:28:37.0522290Z > Task :transport-bluetooth-hid:bundleLibRuntimeToJarDebug
2026-08-16T11:28:37.0523884Z > Task :transport-bluetooth-hid:processDebugJavaRes
2026-08-16T11:28:37.0539807Z > Task :transport-bluetooth-hid:bundleLibRuntimeToDirDebug
2026-08-16T11:28:40.7378850Z > Task :app-bridge:mergeLibDexDebug
2026-08-16T11:28:44.3388640Z 
2026-08-16T11:28:44.3403768Z e: file:///home/runner/work/android-input-bridge/android-input-bridge/app-bridge/src/main/kotlin/com/inputbridge/bridge/ui/screens/BridgeTrackpadScreen.kt:102:20 Unresolved reference 'isActive'.
2026-08-16T11:28:44.3405539Z > Task :app-bridge:compileDebugKotlin FAILED
2026-08-16T11:28:44.3406649Z gradle/actions: Writing build results to /home/runner/work/_temp/.gradle-actions/build-results/__run_2-1786879684805.json
2026-08-16T11:28:44.4377682Z 
2026-08-16T11:28:44.4432657Z FAILURE: Build failed with an exception.
2026-08-16T11:28:44.4441819Z 206 actionable tasks: 100 executed, 106 from cache
2026-08-16T11:28:44.4444644Z 
2026-08-16T11:28:44.4445210Z * What went wrong:
2026-08-16T11:28:44.4446201Z Execution failed for task ':app-bridge:compileDebugKotlin'.
2026-08-16T11:28:44.4448351Z > A failure occurred while executing org.jetbrains.kotlin.compilerRunner.GradleCompilerRunnerWithWorkers$GradleKotlinCompilerWorkAction
2026-08-16T11:28:44.4449967Z    > Compilation error. See log for more details
2026-08-16T11:28:44.4450627Z 
2026-08-16T11:28:44.4450977Z * Try:
2026-08-16T11:28:44.4452027Z > Run with --info or --debug option to get more log output.
2026-08-16T11:28:44.4453044Z > Run with --scan to get full insights.
2026-08-16T11:28:44.4453939Z > Get more help at https://help.gradle.org.
2026-08-16T11:28:44.4454609Z 
2026-08-16T11:28:44.4454972Z * Exception is:
2026-08-16T11:28:44.4456160Z org.gradle.api.tasks.TaskExecutionException: Execution failed for task ':app-bridge:compileDebugKotlin'.
2026-08-16T11:28:44.4458246Z 	at org.gradle.api.internal.tasks.execution.ExecuteActionsTaskExecuter.lambda$executeIfValid$1(ExecuteActionsTaskExecuter.java:130)
2026-08-16T11:28:44.4460074Z 	at org.gradle.internal.Try$Failure.ifSuccessfulOrElse(Try.java:282)
2026-08-16T11:28:44.4462119Z 	at org.gradle.api.internal.tasks.execution.ExecuteActionsTaskExecuter.executeIfValid(ExecuteActionsTaskExecuter.java:128)
2026-08-16T11:28:44.4464537Z 	at org.gradle.api.internal.tasks.execution.ExecuteActionsTaskExecuter.execute(ExecuteActionsTaskExecuter.java:116)
2026-08-16T11:28:44.4467657Z 	at org.gradle.api.internal.tasks.execution.FinalizePropertiesTaskExecuter.execute(FinalizePropertiesTaskExecuter.java:46)
2026-08-16T11:28:44.4470122Z 	at org.gradle.api.internal.tasks.execution.ResolveTaskExecutionModeExecuter.execute(ResolveTaskExecutionModeExecuter.java:51)
2026-08-16T11:28:44.4472722Z 	at org.gradle.api.internal.tasks.execution.SkipTaskWithNoActionsExecuter.execute(SkipTaskWithNoActionsExecuter.java:57)
2026-08-16T11:28:44.4474746Z 	at org.gradle.api.internal.tasks.execution.SkipOnlyIfTaskExecuter.execute(SkipOnlyIfTaskExecuter.java:74)
2026-08-16T11:28:44.4476687Z 	at org.gradle.api.internal.tasks.execution.CatchExceptionTaskExecuter.execute(CatchExceptionTaskExecuter.java:36)
2026-08-16T11:28:44.4478732Z 	at org.gradle.api.internal.tasks.execution.EventFiringTaskExecuter$1.executeTask(EventFiringTaskExecuter.java:77)
2026-08-16T11:28:44.4480640Z 	at org.gradle.api.internal.tasks.execution.EventFiringTaskExecuter$1.call(EventFiringTaskExecuter.java:55)
2026-08-16T11:28:44.4482963Z 	at org.gradle.api.internal.tasks.execution.EventFiringTaskExecuter$1.call(EventFiringTaskExecuter.java:52)
2026-08-16T11:28:44.4485088Z 	at org.gradle.internal.operations.DefaultBuildOperationRunner$CallableBuildOperationWorker.execute(DefaultBuildOperationRunner.java:200)
2026-08-16T11:28:44.4487504Z 	at org.gradle.internal.operations.DefaultBuildOperationRunner$CallableBuildOperationWorker.execute(DefaultBuildOperationRunner.java:195)
2026-08-16T11:28:44.4489614Z 	at org.gradle.internal.operations.DefaultBuildOperationRunner$2.execute(DefaultBuildOperationRunner.java:66)
2026-08-16T11:28:44.4491786Z 	at org.gradle.internal.operations.DefaultBuildOperationRunner$2.execute(DefaultBuildOperationRunner.java:59)
2026-08-16T11:28:44.4494109Z 	at org.gradle.internal.operations.DefaultBuildOperationRunner.execute(DefaultBuildOperationRunner.java:157)
2026-08-16T11:28:44.4496112Z 	at org.gradle.internal.operations.DefaultBuildOperationRunner.execute(DefaultBuildOperationRunner.java:59)
2026-08-16T11:28:44.4498074Z 	at org.gradle.internal.operations.DefaultBuildOperationRunner.call(DefaultBuildOperationRunner.java:53)
2026-08-16T11:28:44.4499991Z 	at org.gradle.internal.operations.DefaultBuildOperationExecutor.call(DefaultBuildOperationExecutor.java:73)
2026-08-16T11:28:44.4502140Z 	at org.gradle.api.internal.tasks.execution.EventFiringTaskExecuter.execute(EventFiringTaskExecuter.java:52)
2026-08-16T11:28:44.4503869Z 	at org.gradle.execution.plan.LocalTaskNodeExecutor.execute(LocalTaskNodeExecutor.java:42)
2026-08-16T11:28:44.4505760Z 	at org.gradle.execution.taskgraph.DefaultTaskExecutionGraph$InvokeNodeExecutorsAction.execute(DefaultTaskExecutionGraph.java:331)
2026-08-16T11:28:44.4508252Z 	at org.gradle.execution.taskgraph.DefaultTaskExecutionGraph$InvokeNodeExecutorsAction.execute(DefaultTaskExecutionGraph.java:318)
2026-08-16T11:28:44.4510637Z 	at org.gradle.execution.taskgraph.DefaultTaskExecutionGraph$BuildOperationAwareExecutionAction.lambda$execute$0(DefaultTaskExecutionGraph.java:314)
2026-08-16T11:28:44.4513048Z 	at org.gradle.internal.operations.CurrentBuildOperationRef.with(CurrentBuildOperationRef.java:80)
2026-08-16T11:28:44.4515091Z 	at org.gradle.execution.taskgraph.DefaultTaskExecutionGraph$BuildOperationAwareExecutionAction.execute(DefaultTaskExecutionGraph.java:314)
2026-08-16T11:28:44.4517482Z 	at org.gradle.execution.taskgraph.DefaultTaskExecutionGraph$BuildOperationAwareExecutionAction.execute(DefaultTaskExecutionGraph.java:303)
2026-08-16T11:28:44.4519546Z 	at org.gradle.execution.plan.DefaultPlanExecutor$ExecutorWorker.execute(DefaultPlanExecutor.java:463)
2026-08-16T11:28:44.4521478Z 	at org.gradle.execution.plan.DefaultPlanExecutor$ExecutorWorker.run(DefaultPlanExecutor.java:380)
2026-08-16T11:28:44.4523310Z 	at org.gradle.internal.concurrent.ExecutorPolicy$CatchAndRecordFailures.onExecute(ExecutorPolicy.java:64)
2026-08-16T11:28:44.4525046Z 	at org.gradle.internal.concurrent.AbstractManagedExecutor$1.run(AbstractManagedExecutor.java:47)
2026-08-16T11:28:44.4527679Z Caused by: org.gradle.workers.internal.DefaultWorkerExecutor$WorkExecutionException: A failure occurred while executing org.jetbrains.kotlin.compilerRunner.GradleCompilerRunnerWithWorkers$GradleKotlinCompilerWorkAction
2026-08-16T11:28:44.4530455Z 	at org.gradle.workers.internal.DefaultWorkerExecutor$WorkItemExecution.waitForCompletion(DefaultWorkerExecutor.java:287)
2026-08-16T11:28:44.4532748Z 	at org.gradle.internal.work.DefaultAsyncWorkTracker.lambda$waitForItemsAndGatherFailures$2(DefaultAsyncWorkTracker.java:130)
2026-08-16T11:28:44.4534365Z 	at org.gradle.internal.Factories$1.create(Factories.java:31)
2026-08-16T11:28:44.4535825Z 	at org.gradle.internal.work.DefaultWorkerLeaseService.withoutLocks(DefaultWorkerLeaseService.java:336)
2026-08-16T11:28:44.4537657Z 	at org.gradle.internal.work.DefaultWorkerLeaseService.withoutLocks(DefaultWorkerLeaseService.java:319)
2026-08-16T11:28:44.4539532Z 	at org.gradle.internal.work.DefaultWorkerLeaseService.withoutLock(DefaultWorkerLeaseService.java:324)
2026-08-16T11:28:44.4541712Z 	at org.gradle.internal.work.DefaultAsyncWorkTracker.waitForItemsAndGatherFailures(DefaultAsyncWorkTracker.java:126)
2026-08-16T11:28:44.4552644Z 	at org.gradle.internal.work.DefaultAsyncWorkTracker.waitForItemsAndGatherFailures(DefaultAsyncWorkTracker.java:92)
2026-08-16T11:28:44.4555221Z 	at org.gradle.internal.work.DefaultAsyncWorkTracker.waitForAll(DefaultAsyncWorkTracker.java:78)
2026-08-16T11:28:44.4557016Z 	at org.gradle.internal.work.DefaultAsyncWorkTracker.waitForCompletion(DefaultAsyncWorkTracker.java:66)
2026-08-16T11:28:44.4558675Z 	at org.gradle.api.internal.tasks.execution.TaskExecution$3.run(TaskExecution.java:252)
2026-08-16T11:28:44.4560334Z 	at org.gradle.internal.operations.DefaultBuildOperationRunner$1.execute(DefaultBuildOperationRunner.java:29)
2026-08-16T11:28:44.4562775Z 	at org.gradle.internal.operations.DefaultBuildOperationRunner$1.execute(DefaultBuildOperationRunner.java:26)
2026-08-16T11:28:44.4564729Z 	at org.gradle.internal.operations.DefaultBuildOperationRunner$2.execute(DefaultBuildOperationRunner.java:66)
2026-08-16T11:28:44.4567081Z 	at org.gradle.internal.operations.DefaultBuildOperationRunner$2.execute(DefaultBuildOperationRunner.java:59)
2026-08-16T11:28:44.4569024Z 	at org.gradle.internal.operations.DefaultBuildOperationRunner.execute(DefaultBuildOperationRunner.java:157)
2026-08-16T11:28:44.4570980Z 	at org.gradle.internal.operations.DefaultBuildOperationRunner.execute(DefaultBuildOperationRunner.java:59)
2026-08-16T11:28:44.4574371Z 	at org.gradle.internal.operations.DefaultBuildOperationRunner.run(DefaultBuildOperationRunner.java:47)
2026-08-16T11:28:44.4576333Z 	at org.gradle.internal.operations.DefaultBuildOperationExecutor.run(DefaultBuildOperationExecutor.java:68)
2026-08-16T11:28:44.4578379Z 	at org.gradle.api.internal.tasks.execution.TaskExecution.executeAction(TaskExecution.java:229)
2026-08-16T11:28:44.4580103Z 	at org.gradle.api.internal.tasks.execution.TaskExecution.executeActions(TaskExecution.java:212)
2026-08-16T11:28:44.4582183Z 	at org.gradle.api.internal.tasks.execution.TaskExecution.executeWithPreviousOutputFiles(TaskExecution.java:195)
2026-08-16T11:28:44.4583969Z 	at org.gradle.api.internal.tasks.execution.TaskExecution.execute(TaskExecution.java:162)
2026-08-16T11:28:44.4585509Z 	at org.gradle.internal.execution.steps.ExecuteStep.executeInternal(ExecuteStep.java:105)
2026-08-16T11:28:44.4587078Z 	at org.gradle.internal.execution.steps.ExecuteStep.access$000(ExecuteStep.java:44)
2026-08-16T11:28:44.4588538Z 	at org.gradle.internal.execution.steps.ExecuteStep$1.call(ExecuteStep.java:59)
2026-08-16T11:28:44.4589939Z 	at org.gradle.internal.execution.steps.ExecuteStep$1.call(ExecuteStep.java:56)
2026-08-16T11:28:44.4592085Z 	at org.gradle.internal.operations.DefaultBuildOperationRunner$CallableBuildOperationWorker.execute(DefaultBuildOperationRunner.java:200)
2026-08-16T11:28:44.4594430Z 	at org.gradle.internal.operations.DefaultBuildOperationRunner$CallableBuildOperationWorker.execute(DefaultBuildOperationRunner.java:195)
2026-08-16T11:28:44.4596501Z 	at org.gradle.internal.operations.DefaultBuildOperationRunner$2.execute(DefaultBuildOperationRunner.java:66)
2026-08-16T11:28:44.4598364Z 	at org.gradle.internal.operations.DefaultBuildOperationRunner$2.execute(DefaultBuildOperationRunner.java:59)
2026-08-16T11:28:44.4600321Z 	at org.gradle.internal.operations.DefaultBuildOperationRunner.execute(DefaultBuildOperationRunner.java:157)
2026-08-16T11:28:44.4604845Z 	at org.gradle.internal.operations.DefaultBuildOperationRunner.execute(DefaultBuildOperationRunner.java:59)
2026-08-16T11:28:44.4606502Z 	at org.gradle.internal.operations.DefaultBuildOperationRunner.call(DefaultBuildOperationRunner.java:53)
2026-08-16T11:28:44.4608149Z 	at org.gradle.internal.operations.DefaultBuildOperationExecutor.call(DefaultBuildOperationExecutor.java:73)
2026-08-16T11:28:44.4609563Z 	at org.gradle.internal.execution.steps.ExecuteStep.execute(ExecuteStep.java:56)
2026-08-16T11:28:44.4610791Z 	at org.gradle.internal.execution.steps.ExecuteStep.execute(ExecuteStep.java:44)
2026-08-16T11:28:44.4612321Z 	at org.gradle.internal.execution.steps.CancelExecutionStep.execute(CancelExecutionStep.java:41)
2026-08-16T11:28:44.4613751Z 	at org.gradle.internal.execution.steps.TimeoutStep.executeWithoutTimeout(TimeoutStep.java:74)
2026-08-16T11:28:44.4615056Z 	at org.gradle.internal.execution.steps.TimeoutStep.execute(TimeoutStep.java:55)
2026-08-16T11:28:44.4616480Z 	at org.gradle.internal.execution.steps.PreCreateOutputParentsStep.execute(PreCreateOutputParentsStep.java:50)
2026-08-16T11:28:44.4618159Z 	at org.gradle.internal.execution.steps.PreCreateOutputParentsStep.execute(PreCreateOutputParentsStep.java:28)
2026-08-16T11:28:44.4619864Z 	at org.gradle.internal.execution.steps.RemovePreviousOutputsStep.execute(RemovePreviousOutputsStep.java:67)
2026-08-16T11:28:44.4621981Z 	at org.gradle.internal.execution.steps.RemovePreviousOutputsStep.execute(RemovePreviousOutputsStep.java:37)
2026-08-16T11:28:44.4623728Z 	at org.gradle.internal.execution.steps.BroadcastChangingOutputsStep.execute(BroadcastChangingOutputsStep.java:61)
2026-08-16T11:28:44.4625537Z 	at org.gradle.internal.execution.steps.BroadcastChangingOutputsStep.execute(BroadcastChangingOutputsStep.java:26)
2026-08-16T11:28:44.4627326Z 	at org.gradle.internal.execution.steps.CaptureOutputsAfterExecutionStep.execute(CaptureOutputsAfterExecutionStep.java:67)
2026-08-16T11:28:44.4629201Z 	at org.gradle.internal.execution.steps.CaptureOutputsAfterExecutionStep.execute(CaptureOutputsAfterExecutionStep.java:45)
2026-08-16T11:28:44.4630965Z 	at org.gradle.internal.execution.steps.ResolveInputChangesStep.execute(ResolveInputChangesStep.java:40)
2026-08-16T11:28:44.4633007Z 	at org.gradle.internal.execution.steps.ResolveInputChangesStep.execute(ResolveInputChangesStep.java:29)
2026-08-16T11:28:44.4634687Z 	at org.gradle.internal.execution.steps.BuildCacheStep.executeWithoutCache(BuildCacheStep.java:189)
2026-08-16T11:28:44.4636176Z 	at org.gradle.internal.execution.steps.BuildCacheStep.executeAndStoreInCache(BuildCacheStep.java:145)
2026-08-16T11:28:44.4637735Z 	at org.gradle.internal.execution.steps.BuildCacheStep.lambda$executeWithCache$4(BuildCacheStep.java:101)
2026-08-16T11:28:44.4639265Z 	at org.gradle.internal.execution.steps.BuildCacheStep.lambda$executeWithCache$5(BuildCacheStep.java:101)
2026-08-16T11:28:44.4640428Z 	at org.gradle.internal.Try$Success.map(Try.java:164)
2026-08-16T11:28:44.4641837Z 	at org.gradle.internal.execution.steps.BuildCacheStep.executeWithCache(BuildCacheStep.java:85)
2026-08-16T11:28:44.4643281Z 	at org.gradle.internal.execution.steps.BuildCacheStep.lambda$execute$0(BuildCacheStep.java:74)
2026-08-16T11:28:44.4644382Z 	at org.gradle.internal.Either$Left.fold(Either.java:115)
2026-08-16T11:28:44.4645377Z 	at org.gradle.internal.execution.caching.CachingState.fold(CachingState.java:62)
2026-08-16T11:28:44.4646622Z 	at org.gradle.internal.execution.steps.BuildCacheStep.execute(BuildCacheStep.java:73)
2026-08-16T11:28:44.4647891Z 	at org.gradle.internal.execution.steps.BuildCacheStep.execute(BuildCacheStep.java:48)
2026-08-16T11:28:44.4649323Z 	at org.gradle.internal.execution.steps.StoreExecutionStateStep.execute(StoreExecutionStateStep.java:46)
2026-08-16T11:28:44.4650924Z 	at org.gradle.internal.execution.steps.StoreExecutionStateStep.execute(StoreExecutionStateStep.java:35)
2026-08-16T11:28:44.4652671Z 	at org.gradle.internal.execution.steps.SkipUpToDateStep.executeBecause(SkipUpToDateStep.java:76)
2026-08-16T11:28:44.4654164Z 	at org.gradle.internal.execution.steps.SkipUpToDateStep.lambda$execute$2(SkipUpToDateStep.java:54)
2026-08-16T11:28:44.4655579Z 	at org.gradle.internal.execution.steps.SkipUpToDateStep.execute(SkipUpToDateStep.java:54)
2026-08-16T11:28:44.4656931Z 	at org.gradle.internal.execution.steps.SkipUpToDateStep.execute(SkipUpToDateStep.java:36)
2026-08-16T11:28:44.4658660Z 	at org.gradle.internal.execution.steps.legacy.MarkSnapshottingInputsFinishedStep.execute(MarkSnapshottingInputsFinishedStep.java:37)
2026-08-16T11:28:44.4660792Z 	at org.gradle.internal.execution.steps.legacy.MarkSnapshottingInputsFinishedStep.execute(MarkSnapshottingInputsFinishedStep.java:27)
2026-08-16T11:28:44.4663358Z 	at org.gradle.internal.execution.steps.ResolveIncrementalCachingStateStep.executeDelegate(ResolveIncrementalCachingStateStep.java:49)
2026-08-16T11:28:44.4665544Z 	at org.gradle.internal.execution.steps.ResolveIncrementalCachingStateStep.executeDelegate(ResolveIncrementalCachingStateStep.java:27)
2026-08-16T11:28:44.4667719Z 	at org.gradle.internal.execution.steps.AbstractResolveCachingStateStep.execute(AbstractResolveCachingStateStep.java:71)
2026-08-16T11:28:44.4669609Z 	at org.gradle.internal.execution.steps.AbstractResolveCachingStateStep.execute(AbstractResolveCachingStateStep.java:39)
2026-08-16T11:28:44.4671699Z 	at org.gradle.internal.execution.steps.ResolveChangesStep.execute(ResolveChangesStep.java:65)
2026-08-16T11:28:44.4673148Z 	at org.gradle.internal.execution.steps.ResolveChangesStep.execute(ResolveChangesStep.java:36)
2026-08-16T11:28:44.4674496Z 	at org.gradle.internal.execution.steps.ValidateStep.execute(ValidateStep.java:106)
2026-08-16T11:28:44.4675737Z 	at org.gradle.internal.execution.steps.ValidateStep.execute(ValidateStep.java:55)
2026-08-16T11:28:44.4677469Z 	at org.gradle.internal.execution.steps.AbstractCaptureStateBeforeExecutionStep.execute(AbstractCaptureStateBeforeExecutionStep.java:64)
2026-08-16T11:28:44.4679644Z 	at org.gradle.internal.execution.steps.AbstractCaptureStateBeforeExecutionStep.execute(AbstractCaptureStateBeforeExecutionStep.java:43)
2026-08-16T11:28:44.4682015Z 	at org.gradle.internal.execution.steps.AbstractSkipEmptyWorkStep.executeWithNonEmptySources(AbstractSkipEmptyWorkStep.java:125)
2026-08-16T11:28:44.4683915Z 	at org.gradle.internal.execution.steps.AbstractSkipEmptyWorkStep.execute(AbstractSkipEmptyWorkStep.java:61)
2026-08-16T11:28:44.4685794Z 	at org.gradle.internal.execution.steps.AbstractSkipEmptyWorkStep.execute(AbstractSkipEmptyWorkStep.java:36)
2026-08-16T11:28:44.4687786Z 	at org.gradle.internal.execution.steps.legacy.MarkSnapshottingInputsStartedStep.execute(MarkSnapshottingInputsStartedStep.java:38)
2026-08-16T11:28:44.4689757Z 	at org.gradle.internal.execution.steps.LoadPreviousExecutionStateStep.execute(LoadPreviousExecutionStateStep.java:36)
2026-08-16T11:28:44.4708499Z 	at org.gradle.internal.execution.steps.LoadPreviousExecutionStateStep.execute(LoadPreviousExecutionStateStep.java:23)
2026-08-16T11:28:44.4710255Z 	at org.gradle.internal.execution.steps.HandleStaleOutputsStep.execute(HandleStaleOutputsStep.java:75)
2026-08-16T11:28:44.4712114Z 	at org.gradle.internal.execution.steps.HandleStaleOutputsStep.execute(HandleStaleOutputsStep.java:41)
2026-08-16T11:28:44.4713818Z 	at org.gradle.internal.execution.steps.AssignMutableWorkspaceStep.lambda$execute$0(AssignMutableWorkspaceStep.java:35)
2026-08-16T11:28:44.4715432Z 	at org.gradle.api.internal.tasks.execution.TaskExecution$4.withWorkspace(TaskExecution.java:289)
2026-08-16T11:28:44.4716999Z 	at org.gradle.internal.execution.steps.AssignMutableWorkspaceStep.execute(AssignMutableWorkspaceStep.java:31)
2026-08-16T11:28:44.4718718Z 	at org.gradle.internal.execution.steps.AssignMutableWorkspaceStep.execute(AssignMutableWorkspaceStep.java:22)
2026-08-16T11:28:44.4720304Z 	at org.gradle.internal.execution.steps.ChoosePipelineStep.execute(ChoosePipelineStep.java:40)
2026-08-16T11:28:44.4722009Z 	at org.gradle.internal.execution.steps.ChoosePipelineStep.execute(ChoosePipelineStep.java:23)
2026-08-16T11:28:44.4723794Z 	at org.gradle.internal.execution.steps.ExecuteWorkBuildOperationFiringStep.lambda$execute$2(ExecuteWorkBuildOperationFiringStep.java:67)
2026-08-16T11:28:44.4725958Z 	at org.gradle.internal.execution.steps.ExecuteWorkBuildOperationFiringStep.execute(ExecuteWorkBuildOperationFiringStep.java:67)
2026-08-16T11:28:44.4728101Z 	at org.gradle.internal.execution.steps.ExecuteWorkBuildOperationFiringStep.execute(ExecuteWorkBuildOperationFiringStep.java:39)
2026-08-16T11:28:44.4729900Z 	at org.gradle.internal.execution.steps.IdentityCacheStep.execute(IdentityCacheStep.java:46)
2026-08-16T11:28:44.4731908Z 	at org.gradle.internal.execution.steps.IdentityCacheStep.execute(IdentityCacheStep.java:34)
2026-08-16T11:28:44.4733275Z 	at org.gradle.internal.execution.steps.IdentifyStep.execute(IdentifyStep.java:48)
2026-08-16T11:28:44.4734518Z 	at org.gradle.internal.execution.steps.IdentifyStep.execute(IdentifyStep.java:35)
2026-08-16T11:28:44.4735929Z 	at org.gradle.internal.execution.impl.DefaultExecutionEngine$1.execute(DefaultExecutionEngine.java:61)
2026-08-16T11:28:44.4737491Z 	at org.gradle.api.internal.tasks.execution.ExecuteActionsTaskExecuter.executeIfValid(ExecuteActionsTaskExecuter.java:127)
2026-08-16T11:28:44.4739261Z 	at org.gradle.api.internal.tasks.execution.ExecuteActionsTaskExecuter.execute(ExecuteActionsTaskExecuter.java:116)
2026-08-16T11:28:44.4741730Z 	at org.gradle.api.internal.tasks.execution.FinalizePropertiesTaskExecuter.execute(FinalizePropertiesTaskExecuter.java:46)
2026-08-16T11:28:44.4743688Z 	at org.gradle.api.internal.tasks.execution.ResolveTaskExecutionModeExecuter.execute(ResolveTaskExecutionModeExecuter.java:51)
2026-08-16T11:28:44.4745582Z 	at org.gradle.api.internal.tasks.execution.SkipTaskWithNoActionsExecuter.execute(SkipTaskWithNoActionsExecuter.java:57)
2026-08-16T11:28:44.4747452Z 	at org.gradle.api.internal.tasks.execution.SkipOnlyIfTaskExecuter.execute(SkipOnlyIfTaskExecuter.java:74)
2026-08-16T11:28:44.4749196Z 	at org.gradle.api.internal.tasks.execution.CatchExceptionTaskExecuter.execute(CatchExceptionTaskExecuter.java:36)
2026-08-16T11:28:44.4750983Z 	at org.gradle.api.internal.tasks.execution.EventFiringTaskExecuter$1.executeTask(EventFiringTaskExecuter.java:77)
2026-08-16T11:28:44.4752920Z 	at org.gradle.api.internal.tasks.execution.EventFiringTaskExecuter$1.call(EventFiringTaskExecuter.java:55)
2026-08-16T11:28:44.4754813Z 	at org.gradle.api.internal.tasks.execution.EventFiringTaskExecuter$1.call(EventFiringTaskExecuter.java:52)
2026-08-16T11:28:44.4756662Z 	at org.gradle.internal.operations.DefaultBuildOperationRunner$CallableBuildOperationWorker.execute(DefaultBuildOperationRunner.java:200)
2026-08-16T11:28:44.4758605Z 	at org.gradle.internal.operations.DefaultBuildOperationRunner$CallableBuildOperationWorker.execute(DefaultBuildOperationRunner.java:195)
2026-08-16T11:28:44.4760455Z 	at org.gradle.internal.operations.DefaultBuildOperationRunner$2.execute(DefaultBuildOperationRunner.java:66)
2026-08-16T11:28:44.4762542Z 	at org.gradle.internal.operations.DefaultBuildOperationRunner$2.execute(DefaultBuildOperationRunner.java:59)
2026-08-16T11:28:44.4764232Z 	at org.gradle.internal.operations.DefaultBuildOperationRunner.execute(DefaultBuildOperationRunner.java:157)
2026-08-16T11:28:44.4765918Z 	at org.gradle.internal.operations.DefaultBuildOperationRunner.execute(DefaultBuildOperationRunner.java:59)
2026-08-16T11:28:44.4767595Z 	at org.gradle.internal.operations.DefaultBuildOperationRunner.call(DefaultBuildOperationRunner.java:53)
2026-08-16T11:28:44.4769294Z 	at org.gradle.internal.operations.DefaultBuildOperationExecutor.call(DefaultBuildOperationExecutor.java:73)
2026-08-16T11:28:44.4771024Z 	at org.gradle.api.internal.tasks.execution.EventFiringTaskExecuter.execute(EventFiringTaskExecuter.java:52)
2026-08-16T11:28:44.4772865Z 	at org.gradle.execution.plan.LocalTaskNodeExecutor.execute(LocalTaskNodeExecutor.java:42)
2026-08-16T11:28:44.4774476Z 	at org.gradle.execution.taskgraph.DefaultTaskExecutionGraph$InvokeNodeExecutorsAction.execute(DefaultTaskExecutionGraph.java:331)
2026-08-16T11:28:44.4776493Z 	at org.gradle.execution.taskgraph.DefaultTaskExecutionGraph$InvokeNodeExecutorsAction.execute(DefaultTaskExecutionGraph.java:318)
2026-08-16T11:28:44.4778581Z 	at org.gradle.execution.taskgraph.DefaultTaskExecutionGraph$BuildOperationAwareExecutionAction.lambda$execute$0(DefaultTaskExecutionGraph.java:314)
2026-08-16T11:28:44.4780412Z 	at org.gradle.internal.operations.CurrentBuildOperationRef.with(CurrentBuildOperationRef.java:80)
2026-08-16T11:28:44.4782558Z 	at org.gradle.execution.taskgraph.DefaultTaskExecutionGraph$BuildOperationAwareExecutionAction.execute(DefaultTaskExecutionGraph.java:314)
2026-08-16T11:28:44.4784756Z 	at org.gradle.execution.taskgraph.DefaultTaskExecutionGraph$BuildOperationAwareExecutionAction.execute(DefaultTaskExecutionGraph.java:303)
2026-08-16T11:28:44.4786685Z 	at org.gradle.execution.plan.DefaultPlanExecutor$ExecutorWorker.execute(DefaultPlanExecutor.java:463)
2026-08-16T11:28:44.4788203Z 	at org.gradle.execution.plan.DefaultPlanExecutor$ExecutorWorker.run(DefaultPlanExecutor.java:380)
2026-08-16T11:28:44.4789741Z 	at org.gradle.internal.concurrent.ExecutorPolicy$CatchAndRecordFailures.onExecute(ExecutorPolicy.java:64)
2026-08-16T11:28:44.4791741Z 	at org.gradle.internal.concurrent.AbstractManagedExecutor$1.run(AbstractManagedExecutor.java:47)
2026-08-16T11:28:44.4793772Z Caused by: org.jetbrains.kotlin.gradle.tasks.CompilationErrorException: Compilation error. See log for more details
2026-08-16T11:28:44.4795453Z 	at org.jetbrains.kotlin.gradle.tasks.TasksUtilsKt.throwExceptionIfCompilationFailed(tasksUtils.kt:21)
2026-08-16T11:28:44.4797047Z 	at org.jetbrains.kotlin.compilerRunner.GradleKotlinCompilerWork.run(GradleKotlinCompilerWork.kt:119)
2026-08-16T11:28:44.4799009Z 	at org.jetbrains.kotlin.compilerRunner.GradleCompilerRunnerWithWorkers$GradleKotlinCompilerWorkAction.execute(GradleCompilerRunnerWithWorkers.kt:76)
2026-08-16T11:28:44.4800846Z 	at org.gradle.workers.internal.DefaultWorkerServer.execute(DefaultWorkerServer.java:63)
2026-08-16T11:28:44.4802576Z 	at org.gradle.workers.internal.NoIsolationWorkerFactory$1$1.create(NoIsolationWorkerFactory.java:66)
2026-08-16T11:28:44.4804048Z 	at org.gradle.workers.internal.NoIsolationWorkerFactory$1$1.create(NoIsolationWorkerFactory.java:62)
2026-08-16T11:28:44.4805604Z 	at org.gradle.internal.classloader.ClassLoaderUtils.executeInClassloader(ClassLoaderUtils.java:100)
2026-08-16T11:28:44.4807485Z 	at org.gradle.workers.internal.NoIsolationWorkerFactory$1.lambda$execute$0(NoIsolationWorkerFactory.java:62)
2026-08-16T11:28:44.4808892Z 	at org.gradle.workers.internal.AbstractWorker$1.call(AbstractWorker.java:44)
2026-08-16T11:28:44.4810024Z 	at org.gradle.workers.internal.AbstractWorker$1.call(AbstractWorker.java:41)
2026-08-16T11:28:44.4811924Z 	at org.gradle.internal.operations.DefaultBuildOperationRunner$CallableBuildOperationWorker.execute(DefaultBuildOperationRunner.java:200)
2026-08-16T11:28:44.4814174Z 	at org.gradle.internal.operations.DefaultBuildOperationRunner$CallableBuildOperationWorker.execute(DefaultBuildOperationRunner.java:195)
2026-08-16T11:28:44.4816118Z 	at org.gradle.internal.operations.DefaultBuildOperationRunner$2.execute(DefaultBuildOperationRunner.java:66)
2026-08-16T11:28:44.4817848Z 	at org.gradle.internal.operations.DefaultBuildOperationRunner$2.execute(DefaultBuildOperationRunner.java:59)
2026-08-16T11:28:44.4819608Z 	at org.gradle.internal.operations.DefaultBuildOperationRunner.execute(DefaultBuildOperationRunner.java:157)
2026-08-16T11:28:44.4821718Z 	at org.gradle.internal.operations.DefaultBuildOperationRunner.execute(DefaultBuildOperationRunner.java:59)
2026-08-16T11:28:44.4823454Z 	at org.gradle.internal.operations.DefaultBuildOperationRunner.call(DefaultBuildOperationRunner.java:53)
2026-08-16T11:28:44.4825054Z 	at org.gradle.internal.operations.DefaultBuildOperationExecutor.call(DefaultBuildOperationExecutor.java:73)
2026-08-16T11:28:44.4826643Z 	at org.gradle.workers.internal.AbstractWorker.executeWrappedInBuildOperation(AbstractWorker.java:41)
2026-08-16T11:28:44.4828211Z 	at org.gradle.workers.internal.NoIsolationWorkerFactory$1.execute(NoIsolationWorkerFactory.java:59)
2026-08-16T11:28:44.4829778Z 	at org.gradle.workers.internal.DefaultWorkerExecutor.lambda$submitWork$0(DefaultWorkerExecutor.java:174)
2026-08-16T11:28:44.4831796Z 	at org.gradle.internal.work.DefaultConditionalExecutionQueue$ExecutionRunner.runExecution(DefaultConditionalExecutionQueue.java:187)
2026-08-16T11:28:44.4833820Z 	at org.gradle.internal.work.DefaultConditionalExecutionQueue$ExecutionRunner.access$700(DefaultConditionalExecutionQueue.java:120)
2026-08-16T11:28:44.4835779Z 	at org.gradle.internal.work.DefaultConditionalExecutionQueue$ExecutionRunner$1.run(DefaultConditionalExecutionQueue.java:162)
2026-08-16T11:28:44.4837200Z 	at org.gradle.internal.Factories$1.create(Factories.java:31)
2026-08-16T11:28:44.4838416Z 	at org.gradle.internal.work.DefaultWorkerLeaseService.withLocks(DefaultWorkerLeaseService.java:264)
2026-08-16T11:28:44.4840024Z 	at org.gradle.internal.work.DefaultWorkerLeaseService.runAsWorkerThread(DefaultWorkerLeaseService.java:128)
2026-08-16T11:28:44.4842023Z 	at org.gradle.internal.work.DefaultWorkerLeaseService.runAsWorkerThread(DefaultWorkerLeaseService.java:133)
2026-08-16T11:28:44.4843873Z 	at org.gradle.internal.work.DefaultConditionalExecutionQueue$ExecutionRunner.runBatch(DefaultConditionalExecutionQueue.java:157)
2026-08-16T11:28:44.4846052Z 	at org.gradle.internal.work.DefaultConditionalExecutionQueue$ExecutionRunner.run(DefaultConditionalExecutionQueue.java:126)
2026-08-16T11:28:44.4847280Z 	... 2 more
2026-08-16T11:28:44.4847524Z 
2026-08-16T11:28:44.4847532Z 
2026-08-16T11:28:44.4847727Z BUILD FAILED in 47s
2026-08-16T11:28:44.9116579Z ##[error]Process completed with exit code 1.
2026-08-16T11:28:44.9368308Z Node 20 is being deprecated. This workflow is running with Node 24 by default. If you need to temporarily use Node 20, you can set the ACTIONS_ALLOW_USE_UNSECURE_NODE_VERSION=true environment variable. For more information see: https://github.blog/changelog/2025-09-19-deprecation-of-node-20-on-github-actions-runners/
2026-08-16T11:28:44.9370639Z Post job cleanup.
2026-08-16T11:28:45.1747569Z In post-action step
2026-08-16T11:28:45.1760677Z ##[group]Stopping Gradle daemons
2026-08-16T11:28:45.1762493Z Stopping Gradle daemons for /home/runner/.gradle/wrapper/dists/gradle-8.7-bin/bhs2wmbdwecv87pi65oeuq5iu/gradle-8.7
2026-08-16T11:28:45.1780601Z [command]/home/runner/.gradle/wrapper/dists/gradle-8.7-bin/bhs2wmbdwecv87pi65oeuq5iu/gradle-8.7/bin/gradle --stop
2026-08-16T11:28:46.0638123Z No Gradle daemons are running.
2026-08-16T11:28:46.0825891Z ##[endgroup]
2026-08-16T11:28:46.0828343Z Not performing cache-cleanup due to build failure
2026-08-16T11:28:46.0829656Z ##[group]Caching Gradle state
2026-08-16T11:28:50.6594962Z [command]/usr/bin/tar --posix -cf cache.tzst --exclude cache.tzst -P -C /home/runner/work/android-input-bridge/android-input-bridge --files-from manifest.txt --use-compress-program zstdmt
2026-08-16T11:28:57.6905645Z Sent 0 of 709559621 (0.0%), 0.0 MBs/sec
2026-08-16T11:28:58.6916566Z Sent 0 of 709559621 (0.0%), 0.0 MBs/sec
2026-08-16T11:28:59.6926875Z Sent 575341893 of 709559621 (81.1%), 182.8 MBs/sec
2026-08-16T11:29:00.1508540Z Sent 709559621 of 709559621 (100.0%), 195.6 MBs/sec
2026-08-16T11:29:00.4787135Z Saved cache entry with key gradle-transforms-v1-5aa944fdc44ee148b3ed5a90003ea212 from /home/runner/.gradle/caches/transforms-4/*/,/home/runner/.gradle/caches/*/transforms/*/ in 11929ms
2026-08-16T11:29:02.4213637Z [command]/usr/bin/tar --posix -cf cache.tzst --exclude cache.tzst -P -C /home/runner/work/android-input-bridge/android-input-bridge --files-from manifest.txt --use-compress-program zstdmt
2026-08-16T11:29:03.8454130Z Sent 26869760 of 46843142 (57.4%), 25.6 MBs/sec
2026-08-16T11:29:04.4441709Z Sent 46843142 of 46843142 (100.0%), 28.0 MBs/sec
2026-08-16T11:29:04.7071206Z Saved cache entry with key gradle-home-v1|Linux-X64|build[5df42585ae8f8da228c604b8b4e8707c]-cb15d07510ef5da9905f11096287b233baf81f69 from /home/runner/.gradle/caches,/home/runner/.gradle/notifications,/home/runner/.gradle/.setup-gradle in 2302ms
2026-08-16T11:29:04.7072971Z ##[endgroup]
2026-08-16T11:29:04.7079176Z Generating Job Summary
2026-08-16T11:29:04.7093303Z Completed post-action step
2026-08-16T11:29:04.7361178Z Node 20 is being deprecated. This workflow is running with Node 24 by default. If you need to temporarily use Node 20, you can set the ACTIONS_ALLOW_USE_UNSECURE_NODE_VERSION=true environment variable. For more information see: https://github.blog/changelog/2025-09-19-deprecation-of-node-20-on-github-actions-runners/
2026-08-16T11:29:04.7362834Z Post job cleanup.
2026-08-16T11:29:04.8677030Z (node:2677) [DEP0040] DeprecationWarning: The `punycode` module is deprecated. Please use a userland alternative instead.
2026-08-16T11:29:04.8677942Z (Use `node --trace-deprecation ...` to show where the warning was created)
2026-08-16T11:29:04.8833933Z Node 20 is being deprecated. This workflow is running with Node 24 by default. If you need to temporarily use Node 20, you can set the ACTIONS_ALLOW_USE_UNSECURE_NODE_VERSION=true environment variable. For more information see: https://github.blog/changelog/2025-09-19-deprecation-of-node-20-on-github-actions-runners/
2026-08-16T11:29:04.8835291Z Post job cleanup.
2026-08-16T11:29:04.9726607Z [command]/usr/bin/git version
2026-08-16T11:29:04.9773825Z git version 2.54.0
2026-08-16T11:29:04.9819035Z Temporarily overriding HOME='/home/runner/work/_temp/062a9f4d-b8de-4bc3-8c35-44aa164e9076' before making global git config changes
2026-08-16T11:29:04.9820754Z Adding repository directory to the temporary git global config as a safe directory
2026-08-16T11:29:04.9825987Z [command]/usr/bin/git config --global --add safe.directory /home/runner/work/android-input-bridge/android-input-bridge
2026-08-16T11:29:04.9867740Z [command]/usr/bin/git config --local --name-only --get-regexp core\.sshCommand
2026-08-16T11:29:04.9907454Z [command]/usr/bin/git submodule foreach --recursive sh -c "git config --local --name-only --get-regexp 'core\.sshCommand' && git config --local --unset-all 'core.sshCommand' || :"
2026-08-16T11:29:05.0189543Z [command]/usr/bin/git config --local --name-only --get-regexp http\.https\:\/\/github\.com\/\.extraheader
2026-08-16T11:29:05.0220201Z http.https://github.com/.extraheader
2026-08-16T11:29:05.0232913Z [command]/usr/bin/git config --local --unset-all http.https://github.com/.extraheader
2026-08-16T11:29:05.0279330Z [command]/usr/bin/git submodule foreach --recursive sh -c "git config --local --name-only --get-regexp 'http\.https\:\/\/github\.com\/\.extraheader' && git config --local --unset-all 'http.https://github.com/.extraheader' || :"
2026-08-16T11:29:05.0550856Z [command]/usr/bin/git config --local --name-only --get-regexp ^includeIf\.gitdir:
2026-08-16T11:29:05.0610491Z [command]/usr/bin/git submodule foreach --recursive git config --local --show-origin --name-only --get-regexp remote.origin.url
2026-08-16T11:29:05.0994658Z Cleaning up orphan processes
2026-08-16T11:29:05.1376264Z ##[warning]Node.js 20 is deprecated. The following actions target Node.js 20 but are being forced to run on Node.js 24: actions/checkout@v4, actions/setup-java@v4, gradle/actions/setup-gradle@v4. For more information see: https://github.blog/changelog/2025-09-19-deprecation-of-node-20-on-github-actions-runners/
